---
source: crates/thndrs/src/cli/renderer/adapter.rs
expression: rendered
---
command picker:
│   │  COMMANDS                       option 1/2    # [bg=#212337]=   [fg=#3b4261 bg=#212337]=│   [fg=#f1fc79 bg=#212337 b]=COMMANDS [bg=#212337]=                        [fg=#6473b7 bg=#212337]=option 1/2 [bg=#212337]=
│   │  filter: c                                    # [bg=#212337]=   [fg=#3b4261 bg=#212337]=│   [fg=#3b4261 bg=#212337]=filter: c [bg=#212337]=                                 [bg=#212337]=
│   │  ❯ clear  clear transcript                    # [bg=#292e42]=   [fg=#3b4261 bg=#292e42]=│   [fg=#ebfafa bg=#292e42 b]=❯ clear  clear transcript [bg=#292e42]=                 [bg=#292e42]=
│   │    config show  redacted config               # [bg=#212337]=   [fg=#3b4261 bg=#212337]=│   [fg=#ebfafa bg=#212337]=  config show  redacted config [bg=#212337]=            [bg=#212337]=
│   │  Enter select · Esc close                     # [bg=#212337]=   [fg=#3b4261 bg=#212337]=│   [fg=#3b4261 bg=#212337]=Enter select · Esc close [bg=#212337]=                  [bg=#212337]=
file picker:
│   │  FILES                          option 2/2    # [bg=#212337]=   [fg=#3b4261 bg=#212337]=│   [fg=#f1fc79 bg=#212337 b]=FILES [bg=#212337]=                           [fg=#6473b7 bg=#212337]=option 2/2 [bg=#212337]=
│   │  filter: src                                  # [bg=#212337]=   [fg=#3b4261 bg=#212337]=│   [fg=#3b4261 bg=#212337]=filter: src [bg=#212337]=                               [bg=#212337]=
│   │    src/main.rs  binary                        # [bg=#212337]=   [fg=#3b4261 bg=#212337]=│   [fg=#ebfafa bg=#212337]=  src/main.rs  binary [bg=#212337]=                     [bg=#212337]=
│   │  ❯ src/cli/renderer/adapter.rs  focused UI    # [bg=#292e42]=   [fg=#3b4261 bg=#292e42]=│   [fg=#ebfafa bg=#292e42 b]=❯ src/cli/renderer/adapter.rs  focused UI [bg=#292e42]=
│   │  Enter select · Esc close                     # [bg=#212337]=   [fg=#3b4261 bg=#212337]=│   [fg=#3b4261 bg=#212337]=Enter select · Esc close [bg=#212337]=                  [bg=#212337]=
help:
│   ╭ help · focus: keyboard ──────────────────────╮  # [bg=#212337]=   [fg=#ebfafa bg=#212337 b]=╭ help · focus: keyboard ──────────────────────╮
│   │    ── Navigation ──                              │  # [bg=#212337]=   [fg=#ebfafa bg=#212337 b]=│ [bg=#292e42]=   [fg=#ebfafa bg=#292e42 b]=  ── Navigation ──                               [fg=#ebfafa bg=#212337 b]=│
│   │    … 23 rows below                               │  # [bg=#212337]=   [fg=#ebfafa bg=#212337 b]=│ [bg=#212337]=   [fg=#3b4261 bg=#212337]=  … 23 rows below                                [fg=#ebfafa bg=#212337 b]=│
│   │    Esc close · keys remain active                │  # [bg=#212337]=   [fg=#ebfafa bg=#212337 b]=│ [bg=#212337]=   [fg=#3b4261 bg=#212337]=  Esc close · keys remain active                 [fg=#ebfafa bg=#212337 b]=│
│   ╰──────────────────────────────────────────────╯  # [bg=#212337]=   [fg=#ebfafa bg=#212337 b]=╰──────────────────────────────────────────────╯
tool detail:
│   ╭ run_shell · failed · focus: output ──────────╮  # [bg=#212337]=   [fg=#f16c75 bg=#212337]=╭ run_shell · failed · focus: output ──────────╮
│   │    … 1 rows above                                │  # [bg=#212337]=   [fg=#f16c75 bg=#212337]=│ [bg=#212337]=   [fg=#3b4261 bg=#212337]=  … 1 rows above                                 [fg=#f16c75 bg=#212337]=│
│   │    … 1 rows above · 2 below                      │  # [bg=#212337]=   [fg=#f16c75 bg=#212337]=│ [bg=#212337]=   [fg=#3b4261 bg=#212337]=  … 1 rows above · 2 below                       [fg=#f16c75 bg=#212337]=│
│   │    ↑/↓ scroll · Esc close                        │  # [bg=#212337]=   [fg=#f16c75 bg=#212337]=│ [bg=#212337]=   [fg=#3b4261 bg=#212337]=  ↑/↓ scroll · Esc close                         [fg=#f16c75 bg=#212337]=│
│   ╰──────────────────────────────────────────────╯  # [bg=#212337]=   [fg=#f16c75 bg=#212337]=╰──────────────────────────────────────────────╯
diff detail:
│   ╭ diff · +1 -1 · focus: output · src/lib.rs ───╮  # [bg=#212337]=   [fg=#ebfafa bg=#212337 b]=╭ diff · +1 -1 · focus: output · src/lib.rs ───╮
│   │    +new                                          │  # [bg=#212337]=   [fg=#ebfafa bg=#212337 b]=│ [bg=#212337]=   [fg=#37f499 bg=#212337]=  +new                                           [fg=#ebfafa bg=#212337 b]=│
│   │    … 3 rows above                                │  # [bg=#212337]=   [fg=#ebfafa bg=#212337 b]=│ [bg=#212337]=   [fg=#3b4261 bg=#212337]=  … 3 rows above                                 [fg=#ebfafa bg=#212337 b]=│
│   │    ↑/↓ scroll · Esc close                        │  # [bg=#212337]=   [fg=#ebfafa bg=#212337 b]=│ [bg=#212337]=   [fg=#3b4261 bg=#212337]=  ↑/↓ scroll · Esc close                         [fg=#ebfafa bg=#212337 b]=│
│   ╰──────────────────────────────────────────────╯  # [bg=#212337]=   [fg=#ebfafa bg=#212337 b]=╰──────────────────────────────────────────────╯
setup form:
│   ╭ setup · OpenCode Go · credential entry · fo… ╮  # [bg=#212337]=   [fg=#ebfafa bg=#212337 b]=╭ setup · OpenCode Go · credential entry · fo… ╮
│   │    ! credential is required                      │  # [bg=#212337]=   [fg=#ebfafa bg=#212337 b]=│ [bg=#212337]=   [fg=#f16c75 bg=#212337]=  ! credential is required                       [fg=#ebfafa bg=#212337 b]=│
│   │    … 2 rows below                                │  # [bg=#212337]=   [fg=#ebfafa bg=#212337 b]=│ [bg=#212337]=   [fg=#3b4261 bg=#212337]=  … 2 rows below                                 [fg=#ebfafa bg=#212337 b]=│
│   │    submit · cancel · Esc cancel                  │  # [bg=#212337]=   [fg=#ebfafa bg=#212337 b]=│ [bg=#212337]=   [fg=#3b4261 bg=#212337]=  submit · cancel · Esc cancel                   [fg=#ebfafa bg=#212337 b]=│
│   ╰──────────────────────────────────────────────╯  # [bg=#212337]=   [fg=#ebfafa bg=#212337 b]=╰──────────────────────────────────────────────╯
table:
│   ╭ context · focus: row 2/2 ────────────────────╮  # [bg=#212337]=   [fg=#ebfafa bg=#212337 b]=╭ context · focus: row 2/2 ────────────────────╮
│   │    ❯ cargo clippy                    fix         │  # [bg=#212337]=   [fg=#ebfafa bg=#212337 b]=│ [bg=#292e42]=   [fg=#ebfafa bg=#292e42 b]=  ❯ cargo clippy                    fix          [fg=#ebfafa bg=#212337 b]=│
│   │    … 3 rows above                                │  # [bg=#212337]=   [fg=#ebfafa bg=#212337 b]=│ [bg=#212337]=   [fg=#3b4261 bg=#212337]=  … 3 rows above                                 [fg=#ebfafa bg=#212337 b]=│
│   │    ↑/↓ inspect · Esc close                       │  # [bg=#212337]=   [fg=#ebfafa bg=#212337 b]=│ [bg=#212337]=   [fg=#3b4261 bg=#212337]=  ↑/↓ inspect · Esc close                        [fg=#ebfafa bg=#212337 b]=│
│   ╰──────────────────────────────────────────────╯  # [bg=#212337]=   [fg=#ebfafa bg=#212337 b]=╰──────────────────────────────────────────────╯
