---
source: crates/thndrs/src/cli/renderer/region/tests.rs
expression: contents
---
│   │ ⚠ Error                                                                       # [bg=#171928]=   [fg=#f16c75 bg=#171928 b]=│  [fg=#f16c75 bg=#171928 b]=⚠ Error [bg=#171928]=                                                                    [bg=#171928]=  
│   │ Provider request failed: connection refused                                   # [bg=#171928]=   [fg=#f16c75 bg=#171928 b]=│  [fg=#ebfafa bg=#171928]=Provider request failed: connection refused [bg=#171928]=                                [bg=#171928]=  
│                                                                                   # [bg=#171928]=                                                                                
│   ╭─ test-session ───────────────────────────────────────────────── ✕ failed ╮    # [bg=#171928]=   [fg=#f16c75 bg=#171928]=╭─ [fg=#f16c75 bg=#171928 b]= test-session  [fg=#f16c75 bg=#171928]=───────────────────────────────────────────────── [fg=#f16c75 bg=#171928]= ✕ failed  [fg=#f16c75 bg=#171928]=╮ [bg=#171928]=  
│   │ ✕                                                                        │    # [bg=#171928]=   [fg=#f16c75 bg=#171928]=│ [bg=#171928]=  [fg=#f16c75 bg=#171928]=✕ [bg=#171928]=   [bg=#171928]=                                                                       [fg=#f16c75 bg=#171928]=│ [bg=#171928]=  
│   ╰──────────────────────────────────────────────────────────────────────────╯    # [bg=#171928]=   [fg=#f16c75 bg=#171928]=╰──────────────────────────────────────────────────────────────────────────╯ [bg=#171928]=  
│     model: test-model   search: native   tok: ↑0 ↓0   git: main clean             # [bg=#171928]=   [bg=#171928]=   [fg=#abb4da bg=#171928]=model: test-model [bg=#171928]=    [fg=#abb4da bg=#171928]=search: native [bg=#171928]=    [fg=#f7c67f bg=#171928]=tok: ↑0 ↓0 [bg=#171928]=    [fg=#37f499 bg=#171928]=git: main clean [bg=#171928]=          [bg=#171928]=  
│                                                                                   # [bg=#171928]=
