---
source: crates/thndrs/src/cli/renderer/mod.rs
expression: frame.render_styled()
---
│   Assistant           # [fg=blue bg=#1e2132]=   [fg=blue bg=#1e2132 b]=Assistant [fg=blue bg=#1e2132]=        [fg=blue bg=#1e2132]=
│   hello world         # [fg=blue bg=#1e2132]=   [bg=#1e2132]=hello world [fg=blue bg=#1e2132]=      [fg=blue bg=#1e2132]=
