---
source: src/renderer/region.rs
expression: "render_entry_styled(&entry, 80)"
---
│                                                                                   # [bg=#212337]=                                                                                
│   ✓ replace_range [ok]  path: src/main.rs                                         # [bg=#212337]=   [fg=#37f499 bg=#212337]=✓  [fg=#ebfafa bg=#212337 b]=replace_range [fg=#37f499 bg=#212337]= [ok] [bg=#212337]=   [fg=#abb4da bg=#212337]=path: src/main.rs [bg=#212337]=                                      [bg=#212337]=  
│      │ --- src/main.rs                                                            # [bg=#212337]=   [fg=#3b4261 bg=#212337]=   │  [fg=#c0c5ce bg=#212337]=- [fg=#c0c5ce bg=#212337]=- [fg=#c0c5ce bg=#212337]=- [fg=#c0c5ce bg=#212337]= src [fg=#c0c5ce bg=#212337]=/ [fg=#c0c5ce bg=#212337]=main.rs [bg=#212337]=                                                         [bg=#212337]=  
│      │ +++ src/main.rs                                                            # [bg=#212337]=   [fg=#3b4261 bg=#212337]=   │  [fg=#c0c5ce bg=#212337]=+ [fg=#c0c5ce bg=#212337]=+ [fg=#c0c5ce bg=#212337]=+ [fg=#c0c5ce bg=#212337]= src [fg=#c0c5ce bg=#212337]=/ [fg=#c0c5ce bg=#212337]=main.rs [bg=#212337]=                                                         [bg=#212337]=  
│      │ @@ -1,3 +1,3 @@                                                            # [bg=#212337]=   [fg=#3b4261 bg=#212337]=   │  [fg=#c0c5ce bg=#212337]=@ [fg=#c0c5ce bg=#212337]=@ [fg=#c0c5ce bg=#212337]=  [fg=#c0c5ce bg=#212337]=- [fg=#d08770 bg=#212337]=1 [fg=#c0c5ce bg=#212337]=, [fg=#d08770 bg=#212337]=3 [fg=#c0c5ce bg=#212337]=  [fg=#c0c5ce bg=#212337]=+ [fg=#d08770 bg=#212337]=1 [fg=#c0c5ce bg=#212337]=, [fg=#d08770 bg=#212337]=3 [fg=#c0c5ce bg=#212337]=  [fg=#c0c5ce bg=#212337]=@ [fg=#c0c5ce bg=#212337]=@ [bg=#212337]=                                                         [bg=#212337]=  
│      │  fn main() {                                                               # [bg=#212337]=   [fg=#3b4261 bg=#212337]=   │  [fg=#c0c5ce bg=#212337]=  [fg=#b48ead bg=#212337]=fn [fg=#c0c5ce bg=#212337]=  [fg=#8fa1b3 bg=#212337]=main [fg=#c0c5ce bg=#212337]=( [fg=#c0c5ce bg=#212337]=) [fg=#c0c5ce bg=#212337]=  [fg=#c0c5ce bg=#212337]={ [bg=#212337]=                                                            [bg=#212337]=  
│      │ -    println!("old");                                                      # [bg=#212337]=   [fg=#3b4261 bg=#212337]=   │  [fg=#c0c5ce bg=#212337]=- [fg=#c0c5ce bg=#212337]=     [fg=#c0c5ce bg=#212337]=println! [fg=#c0c5ce bg=#212337]=( [fg=#c0c5ce bg=#212337]=" [fg=#a3be8c bg=#212337]=old [fg=#c0c5ce bg=#212337]=" [fg=#c0c5ce bg=#212337]=) [fg=#c0c5ce bg=#212337]=; [bg=#212337]=                                                   [bg=#212337]=  
│      │ +    println!("new");                                                      # [bg=#212337]=   [fg=#3b4261 bg=#212337]=   │  [fg=#c0c5ce bg=#212337]=+ [fg=#c0c5ce bg=#212337]=     [fg=#c0c5ce bg=#212337]=println! [fg=#c0c5ce bg=#212337]=( [fg=#c0c5ce bg=#212337]=" [fg=#a3be8c bg=#212337]=new [fg=#c0c5ce bg=#212337]=" [fg=#c0c5ce bg=#212337]=) [fg=#c0c5ce bg=#212337]=; [bg=#212337]=                                                   [bg=#212337]=  
│      │ …(1 more lines)                                                            # [bg=#212337]=   [fg=#abb4da bg=#212337]=   │ …(1 more lines) [bg=#212337]=                                                         [bg=#212337]=  
│                                                                                   # [bg=#212337]=
