---
source: src/renderer/region.rs
expression: "render_entry_styled(&entry, 80)"
---
│                                                                                   # [bg=#212337]=                                                                                
│   ✓ read_file_range [ok]  path: config.json                                       # [bg=#212337]=   [fg=#37f499 bg=#212337]=✓  [fg=#ebfafa bg=#212337 b]=read_file_range [fg=#37f499 bg=#212337]= [ok] [bg=#212337]=   [fg=#abb4da bg=#212337]=path: config.json [bg=#212337]=                                    [bg=#212337]=  
│      │ {                                                                          # [bg=#212337]=   [fg=#3b4261 bg=#212337]=   │  [fg=#c0c5ce bg=#212337]={ [bg=#212337]=                                                                       [bg=#212337]=  
│      │   "name": "thndrs",                                                        # [bg=#212337]=   [fg=#3b4261 bg=#212337]=   │  [fg=#c0c5ce bg=#212337]=   [fg=#c0c5ce bg=#212337]=" [fg=#a3be8c bg=#212337]=name [fg=#c0c5ce bg=#212337]=" [fg=#c0c5ce bg=#212337]=: [fg=#c0c5ce bg=#212337]=  [fg=#c0c5ce bg=#212337]=" [fg=#a3be8c bg=#212337]=thndrs [fg=#c0c5ce bg=#212337]=" [fg=#c0c5ce bg=#212337]=, [bg=#212337]=                                                     [bg=#212337]=  
│      │   "version": "0.1.0"                                                       # [bg=#212337]=   [fg=#3b4261 bg=#212337]=   │  [fg=#c0c5ce bg=#212337]=   [fg=#c0c5ce bg=#212337]=" [fg=#a3be8c bg=#212337]=version [fg=#c0c5ce bg=#212337]=" [fg=#c0c5ce bg=#212337]=: [fg=#c0c5ce bg=#212337]=  [fg=#c0c5ce bg=#212337]=" [fg=#a3be8c bg=#212337]=0.1.0 [fg=#c0c5ce bg=#212337]=" [bg=#212337]=                                                    [bg=#212337]=  
│      │ }                                                                          # [bg=#212337]=   [fg=#3b4261 bg=#212337]=   │  [fg=#c0c5ce bg=#212337]=} [bg=#212337]=                                                                       [bg=#212337]=  
│                                                                                   # [bg=#212337]=
