---
source: src/renderer/region/tests.rs
expression: contents
---
│   thndrs  coding agent                                                            # [bg=#171928]=   [fg=#37f499 bg=#171928 b]=thndrs  coding agent [bg=#171928]=                                                         [bg=#171928]=  
│   model: test-model   search: native                                              # [bg=#171928]=   [fg=#abb4da bg=#171928]=model:  [fg=#ebfafa bg=#171928]=test-model [fg=#abb4da bg=#171928]=   search:  [fg=#ebfafa bg=#171928]=native [bg=#171928]=                                           [bg=#171928]=  
│   cwd: ~/Projects/StormlightLabs/OpenSource/thndrs                                # [bg=#171928]=   [fg=#abb4da bg=#171928]=cwd: ~/Projects/StormlightLabs/OpenSource/thndrs [bg=#171928]=                             [bg=#171928]=  
│   ────────────────────────────────────────────────────────────────────────────    # [bg=#171928]=   [fg=#3b4261 bg=#171928]=──────────────────────────────────────────────────────────────────────────── [bg=#171928]=  
│   [Runtime]                                                                       # [bg=#171928]=   [fg=#37f499 bg=#171928 b]=[Runtime] [bg=#171928]=                                                                    [bg=#171928]=  
│     provider = "umans"                                                            # [bg=#171928]=   [bg=#171928]=   [fg=#abb4da bg=#171928]=provider = "umans" [bg=#171928]=                                                         [bg=#171928]=  
│     model = "test-model"                                                          # [bg=#171928]=   [bg=#171928]=   [fg=#abb4da bg=#171928]=model = "test-model" [bg=#171928]=                                                       [bg=#171928]=  
│     search = "native"                                                             # [bg=#171928]=   [bg=#171928]=   [fg=#abb4da bg=#171928]=search = "native" [bg=#171928]=                                                          [bg=#171928]=  
│   [Context]                                                                       # [bg=#171928]=   [fg=#37f499 bg=#171928 b]=[Context] [bg=#171928]=                                                                    [bg=#171928]=  
│     (none)                                                                        # [bg=#171928]=   [bg=#171928]=   [fg=#abb4da bg=#171928]=(none) [bg=#171928]=                                                                     [bg=#171928]=  
│   [Search]                                                                        # [bg=#171928]=   [fg=#37f499 bg=#171928 b]=[Search] [bg=#171928]=                                                                     [bg=#171928]=  
│     native: Umans server-side search; DuckDuckGo HTML fallback via web_search     # [bg=#171928]=   [bg=#171928]=   [fg=#abb4da bg=#171928]=native: Umans server-side search; DuckDuckGo HTML fallback via web_search [bg=#171928]=  [bg=#171928]=  
│   [Skills]                                                                        # [bg=#171928]=   [fg=#37f499 bg=#171928 b]=[Skills] [bg=#171928]=                                                                     [bg=#171928]=  
│   [Diagnostics]                                                                   # [bg=#171928]=   [fg=#37f499 bg=#171928 b]=[Diagnostics] [bg=#171928]=                                                                [bg=#171928]=  
│     (none)                                                                        # [bg=#171928]=   [bg=#171928]=   [fg=#abb4da bg=#171928]=(none) [bg=#171928]=                                                                     [bg=#171928]=  
│   ›  Ask for a change, run a command, or inspect this repo.                       # [bg=#171928]=   [fg=#37f499 bg=#171928 b]=›   [fg=#abb4da bg=#171928]=Ask for a change, run a command, or inspect this repo. [bg=#171928]=                    [bg=#171928]=  
│   ?  help                                                                         # [bg=#171928]=   [fg=#37f499 bg=#171928 b]=?   [fg=#abb4da bg=#171928]=help [bg=#171928]=                                                                      [bg=#171928]=  
│   /model switch models                                                            # [bg=#171928]=   [fg=#37f499 bg=#171928 b]=/model  [fg=#abb4da bg=#171928]=switch models [bg=#171928]=                                                         [bg=#171928]=  
│   ... 5 startup rows hidden by terminal height                                    # [bg=#171928]=   [fg=#abb4da bg=#171928]=... 5 startup rows hidden by terminal height [bg=#171928]=                                 [bg=#171928]=  
│                                                                                   # [bg=#171928]=                                                                                
│    test-session  · idle                                                           # [bg=#212337]=   [bg=#212337]=  [fg=#37f499 bg=#212337 b]=test-session [bg=#212337]=   [fg=#3b4261 bg=#212337]=· idle [bg=#212337]=                                                        [bg=#212337]=  
│    ›                                                                              # [bg=#212337]=   [bg=#212337]=  [fg=#e0e0e0 bg=#212337]=› [bg=#212337]=   [bg=#212337]=                                                                         [bg=#212337]=  
│    model: test-model   search: native   tok: ↑0 ↓0   git: main clean              # [bg=#212337]=   [bg=#212337]=  [fg=#abb4da bg=#212337]=model: test-model [bg=#212337]=    [fg=#abb4da bg=#212337]=search: native [bg=#212337]=    [fg=#e0e0e0 bg=#212337]=tok: ↑0 ↓0 [bg=#212337]=    [fg=#37f499 bg=#212337]=git: main clean [bg=#212337]=           [bg=#212337]=  
│                                                                                   # [bg=#212337]=
