---
source: crates/thndrs/src/cli/renderer/live/tests.rs
expression: frame.render_styled()
---
│     PATHS                                                           option 1/3    # [-]=   [-]=   [fg=#f1fc79 b]=PATHS [-]=                                                            [fg=#abb4da]=option 1/3 [-]=  
│     filter: type to filter                                                        # [-]=   [-]=   [fg=#abb4da]=filter: type to filter [-]=                                                     [-]=  
│     ❯ src/main.rs                                                                 # [-]=   [-]=   [fg=#ebfafa b]=❯ src/main.rs [-]=                                                              [-]=  
│       src/lib.rs                                                                  # [-]=   [-]=   [fg=#ebfafa]=  src/lib.rs [-]=                                                               [-]=  
│       Cargo.toml                                                                  # [-]=   [-]=   [fg=#ebfafa]=  Cargo.toml [-]=                                                               [-]=  
│    ↑↓  navigate   enter  select   esc  close                                      # [-]=   [fg=#ebfafa bg=#292e42 b]= ↑↓  [-]=  [fg=#abb4da]=navigate [-]=   [fg=#ebfafa bg=#292e42 b]= enter  [-]=  [fg=#abb4da]=select [-]=   [fg=#ebfafa bg=#292e42 b]= esc  [-]=  [fg=#abb4da]=close [-]=                                   [-]=
