---
source: crates/thndrs/src/cli/renderer/live/tests.rs
expression: frame.render_styled()
---
│   setup · opencode-go · authentication required · focus: choice                   # [bg=#292e42]=   [fg=#ebfafa bg=#292e42 b]=setup · opencode-go · authentication required · focus: choice [bg=#292e42]=                [bg=#292e42]=  
│   The credential stays hidden and is written only after an explicit scope choice.  # [bg=#212337]=   [fg=#3b4261 bg=#212337]=The credential stays hidden and is written only after an explicit scope choice.
│   ❯ provider: opencode-go                                                         # [bg=#292e42]=   [fg=#ebfafa bg=#292e42 b]=❯ provider: opencode-go [bg=#292e42]=                                                      [bg=#292e42]=  
│   ❯ enter API key                                                                 # [bg=#292e42]=   [fg=#ebfafa bg=#292e42 b]=❯ enter API key [bg=#292e42]=                                                              [bg=#292e42]=  
│     switch model/provider                                                         # [bg=#212337]=   [fg=#ebfafa bg=#212337]=  switch model/provider [bg=#212337]=                                                      [bg=#212337]=  
│     show setup instructions                                                       # [bg=#212337]=   [fg=#ebfafa bg=#212337]=  show setup instructions [bg=#212337]=                                                    [bg=#212337]=  
│   … 2 rows below                                                                  # [bg=#212337]=   [fg=#3b4261 bg=#212337]=… 2 rows below [bg=#212337]=                                                               [bg=#212337]=  
│   continue · cancel · Esc cancel                                                  # [bg=#212337]=   [fg=#3b4261 bg=#212337]=continue · cancel · Esc cancel [bg=#212337]=                                               [bg=#212337]=
