---
source: crates/thndrs/src/cli/renderer/live/tests.rs
expression: frame.render_styled()
---
│   setup · opencode-go · add API key                                               # [bg=#212337]=   [fg=#04d1f9 bg=#212337]=setup · opencode-go · add API key [bg=#212337]=                                            [bg=#212337]=  
│   The credential stays hidden and is written only after an explicit scope         # [bg=#212337]=   [fg=#ebfafa bg=#212337]=The credential stays hidden and is written only after an explicit scope [bg=#212337]=      [bg=#212337]=  
│   choice.                                                                         # [bg=#212337]=   [fg=#ebfafa bg=#212337]=choice. [bg=#212337]=                                                                      [bg=#212337]=  
│     provider: opencode-go                                                         # [bg=#212337]=   [fg=#ebfafa bg=#212337]=  provider: opencode-go [bg=#212337]=                                                      [bg=#212337]=  
│   ❯ enter API key                                                                 # [bg=#292e42]=   [fg=#ebfafa bg=#292e42 b]=❯ enter API key [bg=#292e42]=                                                              [bg=#292e42]=  
│     switch model/provider                                                         # [bg=#212337]=   [fg=#ebfafa bg=#212337]=  switch model/provider [bg=#212337]=                                                      [bg=#212337]=  
│     show setup instructions                                                       # [bg=#212337]=   [fg=#ebfafa bg=#212337]=  show setup instructions [bg=#212337]=                                                    [bg=#212337]=  
│     return to draft                                                               # [bg=#212337]=   [fg=#ebfafa bg=#212337]=  return to draft [bg=#212337]=                                                            [bg=#212337]=  
│     quit                                                                          # [bg=#212337]=   [fg=#ebfafa bg=#212337]=  quit [bg=#212337]=                                                                       [bg=#212337]=  
│    ↑↓  choose   enter  confirm   esc  close                                       # [-]=   [fg=#ebfafa bg=#292e42]= ↑↓  [-]=  [fg=#abb4da]=choose [-]=   [fg=#ebfafa bg=#292e42]= enter  [-]=  [fg=#abb4da]=confirm [-]=   [fg=#ebfafa bg=#292e42]= esc  [-]=  [fg=#abb4da]=close [-]=                                    [-]=
