---
source: crates/thndrs/src/cli/renderer/live/tests.rs
expression: frame.render_styled()
---
│   │  COMMANDS                                                       option 1/7    # [bg=#212337]=   [fg=#3b4261 bg=#212337]=│   [fg=#f1fc79 bg=#212337 b]=COMMANDS [bg=#212337]=                                                        [fg=#6473b7 bg=#212337]=option 1/7 [bg=#212337]=
│   │  filter: c                                                                    # [bg=#212337]=   [fg=#3b4261 bg=#212337]=│   [fg=#3b4261 bg=#212337]=filter: c [bg=#212337]=                                                                 [bg=#212337]=
│   │  ❯ clear  clear transcript                                                    # [bg=#292e42]=   [fg=#3b4261 bg=#292e42]=│   [fg=#ebfafa bg=#292e42 b]=❯ clear  clear transcript [bg=#292e42]=                                                 [bg=#292e42]=
│   │    context  inspect context lifecycle                                         # [bg=#212337]=   [fg=#3b4261 bg=#212337]=│   [fg=#ebfafa bg=#212337]=  context  inspect context lifecycle [bg=#212337]=                                      [bg=#212337]=
│   │    context verify  review a verification relation                             # [bg=#212337]=   [fg=#3b4261 bg=#212337]=│   [fg=#ebfafa bg=#212337]=  context verify  review a verification relation [bg=#212337]=                          [bg=#212337]=
│   │    context release  explicitly release context prot…                          # [bg=#212337]=   [fg=#3b4261 bg=#212337]=│   [fg=#ebfafa bg=#212337]=  context release  explicitly release context prot… [bg=#212337]=                       [bg=#212337]=
│   │  … 3 rows below                                                               # [bg=#212337]=   [fg=#3b4261 bg=#212337]=│   [fg=#3b4261 bg=#212337]=… 3 rows below [bg=#212337]=                                                            [bg=#212337]=
│   │  Enter select · Esc close                                                     # [bg=#212337]=   [fg=#3b4261 bg=#212337]=│   [fg=#3b4261 bg=#212337]=Enter select · Esc close [bg=#212337]=                                                  [bg=#212337]=
