---
source: crates/thndrs/src/cli/renderer/live/tests.rs
expression: combined
---
width=80:
│     test-session                                                                  # [-]=   [-]=   [fg=#04d1f9 b]=test-session [-]=                                                               [-]=
│   ╭──────────────────────────────────────────────────────────────────────────╮    # [-]=   [fg=#04d1f9]=╭ [fg=#04d1f9]=────────────────────────────────────────────────────────────────────────── [fg=#04d1f9]=╮ [-]=
│   │  ❯  日本語テキスト                                                       │    # [-]=   [fg=#04d1f9]=│ [-]=   [fg=#04d1f9]=❯ [-]=   [fg=#ebfafa]=日本語テキスト [-]=                                                        [fg=#04d1f9]=│ [-]=
│   ╰──────────────────────────────────────────────────────────────────────────╯    # [-]=   [fg=#04d1f9]=╰ [fg=#04d1f9]=────────────────────────────────────────────────────────────────────────── [fg=#04d1f9]=╯ [-]=
width=40:
│     test-session                          # [-]=   [-]=   [fg=#04d1f9 b]=test-session [-]=                       [-]=
│   ╭──────────────────────────────────╮    # [-]=   [fg=#04d1f9]=╭ [fg=#04d1f9]=────────────────────────────────── [fg=#04d1f9]=╮ [-]=
│   │  ❯  日本語テキスト               │    # [-]=   [fg=#04d1f9]=│ [-]=   [fg=#04d1f9]=❯ [-]=   [fg=#ebfafa]=日本語テキスト [-]=                [fg=#04d1f9]=│ [-]=
│   ╰──────────────────────────────────╯    # [-]=   [fg=#04d1f9]=╰ [fg=#04d1f9]=────────────────────────────────── [fg=#04d1f9]=╯ [-]=
