---
source: crates/thndrs/src/cli/renderer/live/tests.rs
expression: frame.render_styled()
---
│   help · focus: keyboard                                                          # [-]=   [fg=#04d1f9]=help · focus: keyboard [-]=                                                       [-]=  
│   ── Navigation ──                                                                # [bg=#292e42]=   [fg=#ebfafa bg=#292e42 b]=── Navigation ── [bg=#292e42]=                                                             [bg=#292e42]=  
│   Ctrl+O          open output, diff, warning, or error detail                     # [-]=   [fg=#ebfafa]=Ctrl+O          open output, diff, warning, or error detail [-]=                  [-]=  
│   Enter           accept highlighted item                                         # [-]=   [fg=#ebfafa]=Enter           accept highlighted item [-]=                                      [-]=  
│   Escape          close help, paths, or commands                                  # [-]=   [fg=#ebfafa]=Escape          close help, paths, or commands [-]=                               [-]=  
│   Up/Down         move cursor or recall history                                   # [-]=   [fg=#ebfafa]=Up/Down         move cursor or recall history [-]=                                [-]=  
│   Ctrl+P          open workspace path picker                                      # [-]=   [fg=#ebfafa]=Ctrl+P          open workspace path picker [-]=                                   [-]=  
│   Ctrl+Shift+F    search transcript                                               # [-]=   [fg=#ebfafa]=Ctrl+Shift+F    search transcript [-]=                                            [-]=  
│   Ctrl+Q          inspect queued input                                            # [-]=   [fg=#ebfafa]=Ctrl+Q          inspect queued input [-]=                                         [-]=  
│   Ctrl+T          transpose characters                                            # [-]=   [fg=#ebfafa]=Ctrl+T          transpose characters [-]=                                         [-]=  
│   Shift+Tab       cycle reasoning effort                                          # [-]=   [fg=#ebfafa]=Shift+Tab       cycle reasoning effort [-]=                                       [-]=  
│   ── Editing ──                                                                   # [-]=   [fg=#37f499]=── Editing ── [-]=                                                                [-]=  
│   Shift+Enter     insert newline                                                  # [-]=   [fg=#ebfafa]=Shift+Enter     insert newline [-]=                                               [-]=  
│   Ctrl+A/E        move to start/end of line                                       # [-]=   [fg=#ebfafa]=Ctrl+A/E        move to start/end of line [-]=                                    [-]=  
│   … 14 rows below                                                                 # [-]=   [fg=#abb4da]=… 14 rows below [-]=                                                              [-]=  
│    ↑↓  scroll   esc  close                                                        # [-]=   [fg=#ebfafa bg=#292e42]= ↑↓  [-]=  [fg=#abb4da]=scroll [-]=   [fg=#ebfafa bg=#292e42]= esc  [-]=  [fg=#abb4da]=close [-]=                                                     [-]=
