---
source: crates/thndrs/src/cli/renderer/live/tests.rs
expression: frame.render_styled()
---
│     COMMANDS                                                        option 1/9    # [-]=   [-]=   [fg=#f1fc79 b]=COMMANDS [-]=                                                         [fg=#abb4da]=option 1/9 [-]=  
│     filter: c                                                                     # [-]=   [-]=   [fg=#abb4da]=filter: c [-]=                                                                  [-]=  
│     ❯ clear  clear transcript                                                     # [-]=   [-]=   [fg=#ebfafa b]=❯ clear  clear transcript [-]=                                                  [-]=  
│       context  inspect context lifecycle                                          # [-]=   [-]=   [fg=#ebfafa]=  context  inspect context lifecycle [-]=                                       [-]=  
│       context request  inspect a provider request                                 # [-]=   [-]=   [fg=#ebfafa]=  context request  inspect a provider request [-]=                              [-]=  
│       context verify  review a verification relation                              # [-]=   [-]=   [fg=#ebfafa]=  context verify  review a verification relation [-]=                           [-]=  
│     … 5 rows below                                                                # [-]=   [-]=   [fg=#abb4da]=… 5 rows below [-]=                                                             [-]=  
│    ↑↓  navigate   enter  select   esc  close                                      # [-]=   [fg=#ebfafa bg=#292e42 b]= ↑↓  [-]=  [fg=#abb4da]=navigate [-]=   [fg=#ebfafa bg=#292e42 b]= enter  [-]=  [fg=#abb4da]=select [-]=   [fg=#ebfafa bg=#292e42 b]= esc  [-]=  [fg=#abb4da]=close [-]=                                   [-]=
