---
source: crates/thndrs/src/cli/renderer/live/tests.rs
expression: frame.render_styled()
---
│     PATHS                                                           option 1/1    # [-]=   [-]=   [fg=#f1fc79 b]=PATHS [-]=                                                            [fg=#abb4da]=option 1/1 [-]=  
│     filter: main                                                                  # [-]=   [-]=   [fg=#abb4da]=filter: main [-]=                                                               [-]=  
│     ❯ src/main.rs                                                                 # [-]=   [-]=   [fg=#ebfafa b]=❯ src/main.rs [-]=                                                              [-]=  
│    ↑↓  navigate   enter  select   esc  close                                      # [-]=   [fg=#ebfafa bg=#292e42]= ↑↓  [-]=  [fg=#abb4da]=navigate [-]=   [fg=#ebfafa bg=#292e42]= enter  [-]=  [fg=#abb4da]=select [-]=   [fg=#ebfafa bg=#292e42]= esc  [-]=  [fg=#abb4da]=close [-]=                                   [-]=
