---
source: crates/thndrs/src/cli/renderer/live/tests.rs
expression: frame.render_styled()
---
│   ╭ setup · chatgpt-codex · authentication required · focus: choice ─────────────╮  # [bg=#212337]=   [fg=#ebfafa bg=#212337 b]=╭ setup · chatgpt-codex · authentication required · focus: choice ─────────────╮
│   │    Browser PKCE is the default. Device code is an explicit headless route; neith…│  # [bg=#212337]=   [fg=#ebfafa bg=#212337 b]=│ [bg=#212337]=   [fg=#3b4261 bg=#212337]=  Browser PKCE is the default. Device code is an explicit headless route; neith… [fg=#ebfafa bg=#212337 b]=│
│   │    ❯ provider: chatgpt-codex                                                     │  # [bg=#212337]=   [fg=#ebfafa bg=#212337 b]=│ [bg=#292e42]=   [fg=#ebfafa bg=#292e42 b]=  ❯ provider: chatgpt-codex                                                      [fg=#ebfafa bg=#212337 b]=│
│   │    ❯ start browser PKCE login                                                    │  # [bg=#212337]=   [fg=#ebfafa bg=#212337 b]=│ [bg=#292e42]=   [fg=#ebfafa bg=#292e42 b]=  ❯ start browser PKCE login                                                     [fg=#ebfafa bg=#212337 b]=│
│   │      use headless device code                                                    │  # [bg=#212337]=   [fg=#ebfafa bg=#212337 b]=│ [bg=#212337]=   [fg=#ebfafa bg=#212337]=    use headless device code                                                     [fg=#ebfafa bg=#212337 b]=│
│   │    … 4 rows below                                                                │  # [bg=#212337]=   [fg=#ebfafa bg=#212337 b]=│ [bg=#212337]=   [fg=#3b4261 bg=#212337]=  … 4 rows below                                                                 [fg=#ebfafa bg=#212337 b]=│
│   │    continue · cancel · Esc cancel                                                │  # [bg=#212337]=   [fg=#ebfafa bg=#212337 b]=│ [bg=#212337]=   [fg=#3b4261 bg=#212337]=  continue · cancel · Esc cancel                                                 [fg=#ebfafa bg=#212337 b]=│
│   ╰──────────────────────────────────────────────────────────────────────────────╯  # [bg=#212337]=   [fg=#ebfafa bg=#212337 b]=╰──────────────────────────────────────────────────────────────────────────────╯
