---
source: crates/thndrs/src/cli/renderer/live/tests.rs
expression: frame.render_styled()
---
│   setup · chatgpt-codex · authentication …  # [bg=#292e42]=   [fg=#ebfafa bg=#292e42 b]=setup · chatgpt-codex · authentication …
│   Browser PKCE is the default. Device cod…  # [bg=#212337]=   [fg=#3b4261 bg=#212337]=Browser PKCE is the default. Device cod…
│   ❯ provider: chatgpt-codex               # [bg=#292e42]=   [fg=#ebfafa bg=#292e42 b]=❯ provider: chatgpt-codex [bg=#292e42]=            [bg=#292e42]=  
│   ❯ start browser PKCE login              # [bg=#292e42]=   [fg=#ebfafa bg=#292e42 b]=❯ start browser PKCE login [bg=#292e42]=           [bg=#292e42]=  
│     use headless device code              # [bg=#212337]=   [fg=#ebfafa bg=#212337]=  use headless device code [bg=#212337]=           [bg=#212337]=  
│     switch model/provider                 # [bg=#212337]=   [fg=#ebfafa bg=#212337]=  switch model/provider [bg=#212337]=              [bg=#212337]=  
│   … 3 rows below                          # [bg=#212337]=   [fg=#3b4261 bg=#212337]=… 3 rows below [bg=#212337]=                       [bg=#212337]=  
│   continue · cancel · Esc cancel          # [bg=#212337]=   [fg=#3b4261 bg=#212337]=continue · cancel · Esc cancel [bg=#212337]=       [bg=#212337]=
