---
source: crates/thndrs/src/cli/renderer/live/tests.rs
expression: frame.render_styled()
---
│     PATHS         option 1/1    # [-]=   [-]=   [fg=#f1fc79 b]=PATHS [-]=          [fg=#abb4da]=option 1/1 [-]=  
│     filter: type to filter      # [-]=   [-]=   [fg=#abb4da]=filter: type to filter [-]=   [-]=  
│     ❯ …th/to/some/module/file.rs  # [-]=   [-]=   [fg=#ebfafa b]=❯ …th/to/some/module/file.rs
│     Enter select · Esc close    # [-]=   [-]=   [fg=#abb4da]=Enter select · Esc close [-]=
