---
source: crates/thndrs/src/cli/renderer/live/tests.rs
expression: frame.render_styled()
---
│   │  ACTIONS                                                       option 1/32    # [bg=#212337]=   [fg=#3b4261 bg=#212337]=│   [fg=#f1fc79 bg=#212337 b]=ACTIONS [bg=#212337]=                                                        [fg=#6473b7 bg=#212337]=option 1/32 [bg=#212337]=
│   │  filter: type to filter                                                       # [bg=#212337]=   [fg=#3b4261 bg=#212337]=│   [fg=#3b4261 bg=#212337]=filter: type to filter [bg=#212337]=                                                    [bg=#212337]=
│   │  ❯ model  switch model                                                        # [bg=#292e42]=   [fg=#3b4261 bg=#292e42]=│   [fg=#ebfafa bg=#292e42 b]=❯ model  switch model [bg=#292e42]=                                                     [bg=#292e42]=
│   │    reasoning  set reasoning effort                                            # [bg=#212337]=   [fg=#3b4261 bg=#212337]=│   [fg=#ebfafa bg=#212337]=  reasoning  set reasoning effort [bg=#212337]=                                         [bg=#212337]=
│   │    skills  browse loaded skills                                               # [bg=#212337]=   [fg=#3b4261 bg=#212337]=│   [fg=#ebfafa bg=#212337]=  skills  browse loaded skills [bg=#212337]=                                            [bg=#212337]=
│   │    files  find workspace files                                                # [bg=#212337]=   [fg=#3b4261 bg=#212337]=│   [fg=#ebfafa bg=#212337]=  files  find workspace files [bg=#212337]=                                             [bg=#212337]=
│   │  … 28 rows below                                                              # [bg=#212337]=   [fg=#3b4261 bg=#212337]=│   [fg=#3b4261 bg=#212337]=… 28 rows below [bg=#212337]=                                                           [bg=#212337]=
│   │  Enter select · Esc close                                                     # [bg=#212337]=   [fg=#3b4261 bg=#212337]=│   [fg=#3b4261 bg=#212337]=Enter select · Esc close [bg=#212337]=                                                  [bg=#212337]=
