---
source: crates/thndrs/src/cli/renderer/live/tests.rs
expression: combined
---
width=80:
│     ❯  line one                                                                   # [-]=   [-]=   [fg=#04d1f9]=❯ [-]=   [fg=#ebfafa]=line one [-]=                                                                [-]=
│        line two                                                                   # [-]=   [-]=      [fg=#ebfafa]=line two [-]=                                                                [-]=
│        line three                                                                 # [-]=   [-]=      [fg=#ebfafa]=line three [-]=                                                              [-]=
width=40:
│     ❯  line one                           # [-]=   [-]=   [fg=#04d1f9]=❯ [-]=   [fg=#ebfafa]=line one [-]=                        [-]=
│        line two                           # [-]=   [-]=      [fg=#ebfafa]=line two [-]=                        [-]=
│        line three                         # [-]=   [-]=      [fg=#ebfafa]=line three [-]=                      [-]=
