---
source: crates/thndrs/src/cli/renderer/live/tests.rs
expression: combined
---
pending:
│     model: test-model   search: duckduckgo   tok: ↑0 ↓0   ttft: pending   git: main clean         # [bg=#171928]=   [bg=#171928]=   [fg=#abb4da bg=#171928]=model: test-model [bg=#171928]=    [fg=#abb4da bg=#171928]=search: duckduckgo [bg=#171928]=    [fg=#f7c67f bg=#171928]=tok: ↑0 ↓0 [bg=#171928]=    [fg=#04d1f9 bg=#171928]=ttft: pending [bg=#171928]=    [fg=#37f499 bg=#171928]=git: main clean [bg=#171928]=      [bg=#171928]=  
measured:
│     model: test-model   search: duckduckgo   tok: ↑0 ↓0   ttft: 842ms   git: main clean           # [bg=#171928]=   [bg=#171928]=   [fg=#abb4da bg=#171928]=model: test-model [bg=#171928]=    [fg=#abb4da bg=#171928]=search: duckduckgo [bg=#171928]=    [fg=#f7c67f bg=#171928]=tok: ↑0 ↓0 [bg=#171928]=    [fg=#04d1f9 bg=#171928]=ttft: 842ms [bg=#171928]=    [fg=#37f499 bg=#171928]=git: main clean [bg=#171928]=        [bg=#171928]=  
retained:
│     model: test-model   search: duckduckgo   tok: ↑0 ↓0   ttft: 1.3s   git: main clean            # [bg=#171928]=   [bg=#171928]=   [fg=#abb4da bg=#171928]=model: test-model [bg=#171928]=    [fg=#abb4da bg=#171928]=search: duckduckgo [bg=#171928]=    [fg=#f7c67f bg=#171928]=tok: ↑0 ↓0 [bg=#171928]=    [fg=#04d1f9 bg=#171928]=ttft: 1.3s [bg=#171928]=    [fg=#37f499 bg=#171928]=git: main clean [bg=#171928]=         [bg=#171928]=  
narrow:
│     model: test-model   search: duckduckgo   tok: ↑0 ↓0   git: main clean         # [bg=#171928]=   [bg=#171928]=   [fg=#abb4da bg=#171928]=model: test-model [bg=#171928]=    [fg=#abb4da bg=#171928]=search: duckduckgo [bg=#171928]=    [fg=#f7c67f bg=#171928]=tok: ↑0 ↓0 [bg=#171928]=    [fg=#37f499 bg=#171928]=git: main clean [bg=#171928]=      [bg=#171928]=
