---
source: crates/thndrs/src/cli/renderer/live/tests.rs
expression: frame.render_styled()
---
│     FILES                                                           option 1/1    # [-]=   [-]=   [fg=#f1fc79 b]=FILES [-]=                                                            [fg=#abb4da]=option 1/1 [-]=  
│     filter: main                                                                  # [-]=   [-]=   [fg=#abb4da]=filter: main [-]=                                                               [-]=  
│     ❯ src/main.rs                                                                 # [-]=   [-]=   [fg=#ebfafa b]=❯ src/main.rs [-]=                                                              [-]=  
│     Enter select · Esc close                                                      # [-]=   [-]=   [fg=#abb4da]=Enter select · Esc close [-]=                                                   [-]=
