---
source: crates/thndrs/src/cli/renderer/live/tests.rs
assertion_line: 603
expression: frame.render_styled()
---
│   help · focus: keyboard                                                          # [bg=#212337]=   [fg=#04d1f9 bg=#212337]=help · focus: keyboard [bg=#212337]=                                                       [bg=#212337]=  
│   ── Navigation ──                                                                # [bg=#212337]=   [fg=#37f499 bg=#212337]=── Navigation ── [bg=#212337]=                                                             [bg=#212337]=  
│   Ctrl+O          open output, diff, warning, or error detail                     # [bg=#212337]=   [fg=#ebfafa bg=#212337]=Ctrl+O          open output, diff, warning, or error detail [bg=#212337]=                  [bg=#212337]=  
│   Enter           accept highlighted item                                         # [bg=#212337]=   [fg=#ebfafa bg=#212337]=Enter           accept highlighted item [bg=#212337]=                                      [bg=#212337]=  
│   Escape          close help, paths, or commands                                  # [bg=#212337]=   [fg=#ebfafa bg=#212337]=Escape          close help, paths, or commands [bg=#212337]=                               [bg=#212337]=  
│   Up/Down         move cursor or recall history                                   # [bg=#212337]=   [fg=#ebfafa bg=#212337]=Up/Down         move cursor or recall history [bg=#212337]=                                [bg=#212337]=  
│   Ctrl+P          open workspace path picker                                      # [bg=#212337]=   [fg=#ebfafa bg=#212337]=Ctrl+P          open workspace path picker [bg=#212337]=                                   [bg=#212337]=  
│   Ctrl+Shift+F    search transcript                                               # [bg=#212337]=   [fg=#ebfafa bg=#212337]=Ctrl+Shift+F    search transcript [bg=#212337]=                                            [bg=#212337]=  
│   Ctrl+Q          inspect queued input                                            # [bg=#212337]=   [fg=#ebfafa bg=#212337]=Ctrl+Q          inspect queued input [bg=#212337]=                                         [bg=#212337]=  
│   Ctrl+T          transpose characters                                            # [bg=#212337]=   [fg=#ebfafa bg=#212337]=Ctrl+T          transpose characters [bg=#212337]=                                         [bg=#212337]=  
│   Shift+Tab       cycle reasoning effort                                          # [bg=#212337]=   [fg=#ebfafa bg=#212337]=Shift+Tab       cycle reasoning effort [bg=#212337]=                                       [bg=#212337]=  
│   ── Editing ──                                                                   # [bg=#212337]=   [fg=#37f499 bg=#212337]=── Editing ── [bg=#212337]=                                                                [bg=#212337]=  
│   Shift+Enter     insert newline                                                  # [bg=#212337]=   [fg=#ebfafa bg=#212337]=Shift+Enter     insert newline [bg=#212337]=                                               [bg=#212337]=  
│   Ctrl+A/E        move to start/end of line                                       # [bg=#212337]=   [fg=#ebfafa bg=#212337]=Ctrl+A/E        move to start/end of line [bg=#212337]=                                    [bg=#212337]=  
│   … 14 rows below                                                                 # [bg=#212337]=   [fg=#abb4da bg=#212337]=… 14 rows below [bg=#212337]=                                                              [bg=#212337]=  
│    ↑↓  scroll   esc  close                                                        # [-]=   [fg=#ebfafa bg=#292e42 b]= ↑↓  [-]=  [fg=#abb4da]=scroll [-]=   [fg=#ebfafa bg=#292e42 b]= esc  [-]=  [fg=#abb4da]=close [-]=                                                     [-]=
