---
source: crates/thndrs/src/cli/renderer/live/tests.rs
expression: combined
---
width=80:
│     ✓ Ready                                                test-model · auto      # [-]=   [-]=   [fg=#37f499 b]=✓ Ready [-]=                                                 [fg=#abb4da]=test-model · auto [-]=   [-]=  
width=40:
│     ✓ Ready        test-model · auto      # [-]=   [-]=   [fg=#37f499 b]=✓ Ready [-]=         [fg=#abb4da]=test-model · auto [-]=   [-]=
