---
source: crates/thndrs/src/cli/renderer/live/tests.rs
expression: combined
---
width=80:
│     ❯  日本語テキスト                                                             # [-]=   [-]=   [fg=#04d1f9]=❯ [-]=   [fg=#ebfafa]=日本語テキスト [-]=                                                          [-]=
width=40:
│     ❯  日本語テキスト                     # [-]=   [-]=   [fg=#04d1f9]=❯ [-]=   [fg=#ebfafa]=日本語テキスト [-]=                  [-]=
