---
source: crates/thndrs/src/cli/renderer/live/tests.rs
expression: output
---
empty width=80 cursor=Some(CursorCoord { row: 2, col: 8 }):
│     test-session                                                                  # [-]=   [-]=   [fg=#04d1f9 b]=test-session [-]=                                                               [-]=  
│   ╭──────────────────────────────────────────────────────────────────────────╮    # [-]=   [fg=#04d1f9]=╭ [fg=#04d1f9]=────────────────────────────────────────────────────────────────────────── [fg=#04d1f9]=╮ [-]=  
│   │  ❯                                                                       │    # [-]=   [fg=#04d1f9]=│ [-]=   [fg=#04d1f9]=❯ [-]=   [-]=                                                                      [fg=#04d1f9]=│ [-]=  
│   ╰──────────────────────────────────────────────────────────────────────────╯    # [-]=   [fg=#04d1f9]=╰ [fg=#04d1f9]=────────────────────────────────────────────────────────────────────────── [fg=#04d1f9]=╯ [-]=  
draft width=80 cursor=Some(CursorCoord { row: 2, col: 20 }):
│     test-session                                                                  # [-]=   [-]=   [fg=#04d1f9 b]=test-session [-]=                                                               [-]=  
│   ╭──────────────────────────────────────────────────────────────────────────╮    # [-]=   [fg=#04d1f9]=╭ [fg=#04d1f9]=────────────────────────────────────────────────────────────────────────── [fg=#04d1f9]=╮ [-]=  
│   │  ❯  ship the fix                                                         │    # [-]=   [fg=#04d1f9]=│ [-]=   [fg=#04d1f9]=❯ [-]=   [fg=#ebfafa]=ship the fix [-]=                                                          [fg=#04d1f9]=│ [-]=  
│   ╰──────────────────────────────────────────────────────────────────────────╯    # [-]=   [fg=#04d1f9]=╰ [fg=#04d1f9]=────────────────────────────────────────────────────────────────────────── [fg=#04d1f9]=╯ [-]=  
multiline width=40 cursor=Some(CursorCoord { row: 3, col: 16 }):
│     test-session                          # [-]=   [-]=   [fg=#04d1f9 b]=test-session [-]=                       [-]=  
│   ╭──────────────────────────────────╮    # [-]=   [fg=#04d1f9]=╭ [fg=#04d1f9]=────────────────────────────────── [fg=#04d1f9]=╮ [-]=  
│   │  ❯  line one                     │    # [-]=   [fg=#04d1f9]=│ [-]=   [fg=#04d1f9]=❯ [-]=   [fg=#ebfafa]=line one [-]=                      [fg=#04d1f9]=│ [-]=  
│   │     line two                     │    # [-]=   [fg=#04d1f9]=│ [-]=      [fg=#ebfafa]=line two [-]=                      [fg=#04d1f9]=│ [-]=  
│   ╰──────────────────────────────────╯    # [-]=   [fg=#04d1f9]=╰ [fg=#04d1f9]=────────────────────────────────── [fg=#04d1f9]=╯ [-]=  
command width=40 cursor=Some(CursorCoord { row: 2, col: 14 }):
│     test-session                          # [-]=   [-]=   [fg=#04d1f9 b]=test-session [-]=                       [-]=  
│   ╭──────────────────────────────────╮    # [-]=   [fg=#04d1f9]=╭ [fg=#04d1f9]=────────────────────────────────── [fg=#04d1f9]=╮ [-]=  
│   │  ❯  :model                       │    # [-]=   [fg=#04d1f9]=│ [-]=   [fg=#04d1f9]=❯ [-]=   [fg=#37f499]=: [fg=#ebfafa]=model [-]=                        [fg=#04d1f9]=│ [-]=  
│   ╰──────────────────────────────────╯    # [-]=   [fg=#04d1f9]=╰ [fg=#04d1f9]=────────────────────────────────── [fg=#04d1f9]=╯ [-]=  
running width=40 cursor=Some(CursorCoord { row: 2, col: 13 }):
│     test-session                          # [-]=   [-]=   [fg=#f7c67f b]=test-session [-]=                       [-]=  
│   ╭──────────────────────────────────╮    # [-]=   [fg=#f7c67f]=╭ [fg=#f7c67f]=────────────────────────────────── [fg=#f7c67f]=╮ [-]=  
│   │  ❯  model                        │    # [-]=   [fg=#f7c67f]=│ [-]=   [fg=#04d1f9]=❯ [-]=   [fg=#ebfafa]=model [-]=                         [fg=#f7c67f]=│ [-]=  
│   ╰──────────────────────────────────╯    # [-]=   [fg=#f7c67f]=╰ [fg=#f7c67f]=────────────────────────────────── [fg=#f7c67f]=╯ [-]=  
queued width=40 cursor=Some(CursorCoord { row: 2, col: 13 }):
│     test-session             1 queued     # [-]=   [-]=   [fg=#04d1f9 b]=test-session [-]=              [fg=#abb4da]=1 queued [-]=  [-]=  
│   ╭──────────────────────────────────╮    # [-]=   [fg=#04d1f9]=╭ [fg=#04d1f9]=────────────────────────────────── [fg=#04d1f9]=╮ [-]=  
│   │  ❯  model                        │    # [-]=   [fg=#04d1f9]=│ [-]=   [fg=#04d1f9]=❯ [-]=   [fg=#ebfafa]=model [-]=                         [fg=#04d1f9]=│ [-]=  
│   ╰──────────────────────────────────╯    # [-]=   [fg=#04d1f9]=╰ [fg=#04d1f9]=────────────────────────────────── [fg=#04d1f9]=╯ [-]=  
error width=40 cursor=Some(CursorCoord { row: 2, col: 13 }):
│     test-session             1 queued     # [-]=   [-]=   [fg=#f16c75 b]=test-session [-]=              [fg=#abb4da]=1 queued [-]=  [-]=  
│   ╭──────────────────────────────────╮    # [-]=   [fg=#f16c75]=╭ [fg=#f16c75]=────────────────────────────────── [fg=#f16c75]=╮ [-]=  
│   │  ❯  model                        │    # [-]=   [fg=#f16c75]=│ [-]=   [fg=#04d1f9]=❯ [-]=   [fg=#ebfafa]=model [-]=                         [fg=#f16c75]=│ [-]=  
│   ╰──────────────────────────────────╯    # [-]=   [fg=#f16c75]=╰ [fg=#f16c75]=────────────────────────────────── [fg=#f16c75]=╯ [-]=  
narrow width=12 cursor=Some(CursorCoord { row: 2, col: 8 }):
│     test-…    # [-]=   [-]=   [fg=#f16c75 b]=test-… [-]=  
│   ╭──────╮    # [-]=   [fg=#f16c75]=╭ [fg=#f16c75]=────── [fg=#f16c75]=╮ [-]=  
│   │model │    # [-]=   [fg=#f16c75]=│ [fg=#ebfafa]=model [-]=  [fg=#f16c75]=│ [-]=  
│   ╰──────╯    # [-]=   [fg=#f16c75]=╰ [fg=#f16c75]=────── [fg=#f16c75]=╯ [-]=  
tiny width=6 cursor=Some(CursorCoord { row: 2, col: 3 }):
│   mo    # [-]=   [fg=#ebfafa]=mo [-]=  
│   de    # [-]=   [fg=#ebfafa]=de [-]=  
│   l     # [-]=   [fg=#ebfafa]=l [-]=  [-]=
