---
source: crates/thndrs/src/cli/renderer/live/tests.rs
expression: frame.render_styled()
---
│   setup · chatgpt-codex · connect ChatGPT  # [bg=#212337]=   [fg=#04d1f9 bg=#212337]=setup · chatgpt-codex · connect ChatGPT
│   Browser PKCE is the default. Device     # [bg=#212337]=   [fg=#ebfafa bg=#212337]=Browser PKCE is the default. Device [bg=#212337]=  [bg=#212337]=  
│   code is an explicit headless route;     # [bg=#212337]=   [fg=#ebfafa bg=#212337]=code is an explicit headless route; [bg=#212337]=  [bg=#212337]=  
│   neither asks for an API key.            # [bg=#212337]=   [fg=#ebfafa bg=#212337]=neither asks for an API key. [bg=#212337]=         [bg=#212337]=  
│     provider: chatgpt-codex               # [bg=#212337]=   [fg=#ebfafa bg=#212337]=  provider: chatgpt-codex [bg=#212337]=            [bg=#212337]=  
│   ❯ start browser PKCE login              # [bg=#292e42]=   [fg=#ebfafa bg=#292e42 b]=❯ start browser PKCE login [bg=#292e42]=           [bg=#292e42]=  
│     use headless device code              # [bg=#212337]=   [fg=#ebfafa bg=#212337]=  use headless device code [bg=#212337]=           [bg=#212337]=  
│     switch model/provider                 # [bg=#212337]=   [fg=#ebfafa bg=#212337]=  switch model/provider [bg=#212337]=              [bg=#212337]=  
│     show setup instructions               # [bg=#212337]=   [fg=#ebfafa bg=#212337]=  show setup instructions [bg=#212337]=            [bg=#212337]=  
│     return to draft                       # [bg=#212337]=   [fg=#ebfafa bg=#212337]=  return to draft [bg=#212337]=                    [bg=#212337]=  
│     quit                                  # [bg=#212337]=   [fg=#ebfafa bg=#212337]=  quit [bg=#212337]=                               [bg=#212337]=  
│   ↑/↓ choose · Enter confirm · Esc close  # [bg=#212337]=   [fg=#abb4da bg=#212337]=↑/↓ choose · Enter confirm · Esc close
