---
source: crates/thndrs/src/cli/renderer/live/tests.rs
expression: frame.render_styled()
---
│   │  FILES                                                          option 1/1    # [bg=#212337]=   [fg=#3b4261 bg=#212337]=│   [fg=#f1fc79 bg=#212337 b]=FILES [bg=#212337]=                                                           [fg=#6473b7 bg=#212337]=option 1/1 [bg=#212337]=
│   │  filter: xyz                                                                  # [bg=#212337]=   [fg=#3b4261 bg=#212337]=│   [fg=#3b4261 bg=#212337]=filter: xyz [bg=#212337]=                                                               [bg=#212337]=
│   │  no matches                                                                   # [bg=#212337]=   [fg=#3b4261 bg=#212337]=│   [fg=#3b4261 bg=#212337]=no matches [bg=#212337]=                                                                [bg=#212337]=
│   │  Enter select · Esc close                                                     # [bg=#212337]=   [fg=#3b4261 bg=#212337]=│   [fg=#3b4261 bg=#212337]=Enter select · Esc close [bg=#212337]=                                                  [bg=#212337]=
