---
source: crates/thndrs/src/cli/renderer/live/tests.rs
expression: combined
---
width=80:
│     ❯  ab̧cd                                                                       # [-]=   [bg=#171928]=   [fg=#04d1f9 bg=#171928]=❯ [bg=#171928]=   [fg=#ebfafa bg=#171928]=ab̧cd [bg=#171928]=                                                                    [-]=
width=40:
│     ❯  ab̧cd                               # [-]=   [bg=#171928]=   [fg=#04d1f9 bg=#171928]=❯ [bg=#171928]=   [fg=#ebfafa bg=#171928]=ab̧cd [bg=#171928]=                            [-]=
