---
source: crates/thndrs/src/cli/renderer/live/tests.rs
expression: frame.render_styled()
---
│   ╭ setup · umans · authentication required · focus: choice ─────────────────────╮  # [bg=#212337]=   [fg=#ebfafa bg=#212337 b]=╭ setup · umans · authentication required · focus: choice ─────────────────────╮
│   │    Create a Umans Code API key at app.umans.ai, enter it hidden, then choose glo…│  # [bg=#212337]=   [fg=#ebfafa bg=#212337 b]=│ [bg=#212337]=   [fg=#3b4261 bg=#212337]=  Create a Umans Code API key at app.umans.ai, enter it hidden, then choose glo… [fg=#ebfafa bg=#212337 b]=│
│   │    › provider: umans                                                             │  # [bg=#212337]=   [fg=#ebfafa bg=#212337 b]=│ [bg=#292e42]=   [fg=#ebfafa bg=#292e42 b]=  › provider: umans                                                              [fg=#ebfafa bg=#212337 b]=│
│   │    › enter Umans API key                                                         │  # [bg=#212337]=   [fg=#ebfafa bg=#212337 b]=│ [bg=#292e42]=   [fg=#ebfafa bg=#292e42 b]=  › enter Umans API key                                                          [fg=#ebfafa bg=#212337 b]=│
│   │      switch model/provider                                                       │  # [bg=#212337]=   [fg=#ebfafa bg=#212337 b]=│ [bg=#212337]=   [fg=#ebfafa bg=#212337]=    switch model/provider                                                        [fg=#ebfafa bg=#212337 b]=│
│   │    … 3 rows below                                                                │  # [bg=#212337]=   [fg=#ebfafa bg=#212337 b]=│ [bg=#212337]=   [fg=#3b4261 bg=#212337]=  … 3 rows below                                                                 [fg=#ebfafa bg=#212337 b]=│
│   │    continue · cancel · Esc cancel                                                │  # [bg=#212337]=   [fg=#ebfafa bg=#212337 b]=│ [bg=#212337]=   [fg=#3b4261 bg=#212337]=  continue · cancel · Esc cancel                                                 [fg=#ebfafa bg=#212337 b]=│
│   ╰──────────────────────────────────────────────────────────────────────────────╯  # [bg=#212337]=   [fg=#ebfafa bg=#212337 b]=╰──────────────────────────────────────────────────────────────────────────────╯
