---
source: crates/thndrs/src/cli/renderer/live/tests.rs
assertion_line: 360
expression: frame.render_styled()
---
│   files  main                                                                     # [bg=#212337]=   [fg=#37f499 bg=#212337 b]=files [bg=#212337]=   [fg=#3b4261 bg=#212337]=main [bg=#212337]=                                                                  [bg=#212337]=  
│   ›  src/main.rs                                                                  # [bg=#292e42]=   [fg=#f7c67f bg=#292e42 b]=› [bg=#292e42]=   [fg=#ebfafa bg=#292e42 b]=src/ [fg=#37f499 bg=#292e42 b]=main [fg=#ebfafa bg=#292e42 b]=.rs [bg=#292e42]=                                                               [bg=#292e42]=  
│   Enter select   Esc close                                                        # [bg=#212337]=   [fg=#37f499 bg=#212337 b]=Enter [fg=#3b4261 bg=#212337]= select    [fg=#37f499 bg=#212337 b]=Esc [fg=#3b4261 bg=#212337]= close [bg=#212337]=                                                     [bg=#212337]=

