---
source: crates/thndrs/src/cli/renderer/live/tests.rs
expression: combined
---
width=80:
│     test-session                                                                  # [-]=   [-]=   [fg=#04d1f9 b]=test-session [-]=                                                               [-]=
│   ╭──────────────────────────────────────────────────────────────────────────╮    # [-]=   [fg=#04d1f9]=╭ [fg=#04d1f9]=────────────────────────────────────────────────────────────────────────── [fg=#04d1f9]=╮ [-]=
│   │  ❯  line one                                                             │    # [-]=   [fg=#04d1f9]=│ [-]=   [fg=#04d1f9]=❯ [-]=   [fg=#ebfafa]=line one [-]=                                                              [fg=#04d1f9]=│ [-]=
│   │     line two                                                             │    # [-]=   [fg=#04d1f9]=│ [-]=      [fg=#ebfafa]=line two [-]=                                                              [fg=#04d1f9]=│ [-]=
│   │     line three                                                           │    # [-]=   [fg=#04d1f9]=│ [-]=      [fg=#ebfafa]=line three [-]=                                                            [fg=#04d1f9]=│ [-]=
│   ╰──────────────────────────────────────────────────────────────────────────╯    # [-]=   [fg=#04d1f9]=╰ [fg=#04d1f9]=────────────────────────────────────────────────────────────────────────── [fg=#04d1f9]=╯ [-]=
width=40:
│     test-session                          # [-]=   [-]=   [fg=#04d1f9 b]=test-session [-]=                       [-]=
│   ╭──────────────────────────────────╮    # [-]=   [fg=#04d1f9]=╭ [fg=#04d1f9]=────────────────────────────────── [fg=#04d1f9]=╮ [-]=
│   │  ❯  line one                     │    # [-]=   [fg=#04d1f9]=│ [-]=   [fg=#04d1f9]=❯ [-]=   [fg=#ebfafa]=line one [-]=                      [fg=#04d1f9]=│ [-]=
│   │     line two                     │    # [-]=   [fg=#04d1f9]=│ [-]=      [fg=#ebfafa]=line two [-]=                      [fg=#04d1f9]=│ [-]=
│   │     line three                   │    # [-]=   [fg=#04d1f9]=│ [-]=      [fg=#ebfafa]=line three [-]=                    [fg=#04d1f9]=│ [-]=
│   ╰──────────────────────────────────╯    # [-]=   [fg=#04d1f9]=╰ [fg=#04d1f9]=────────────────────────────────── [fg=#04d1f9]=╯ [-]=
