---
source: crates/thndrs/src/core/prompt/tests.rs
expression: json
---
[
  {
    "description": "find_files\n\nLocate files by name or glob under the workspace root.\n\nUse this when you know (or can guess) a file name and need its path. Prefer this over\nlisting all files. Paths are contained to the root; hidden files and symlinks are off\nunless requested. Capped at 100 results; long lines truncate at 512 chars.",
    "input_schema": {
      "properties": {
        "extensions": {
          "items": {
            "type": "string"
          },
          "type": "array"
        },
        "follow_symlinks": {
          "type": "boolean"
        },
        "glob": {
          "description": "Optional additional glob filter.",
          "type": "string"
        },
        "include_hidden": {
          "type": "boolean"
        },
        "max_depth": {
          "type": "integer"
        },
        "pattern": {
          "description": "File name or glob pattern to search for.",
          "type": "string"
        }
      },
      "required": [
        "pattern"
      ],
      "type": "object"
    },
    "name": "find_files"
  },
  {
    "description": "list_searchable_files\n\nEnumerate searchable files under the workspace root.\n\nUse this to get an overview of the project structure. Prefer find_files when you know\na file name, or search_text when you need content matches. Respects ignore rules and\nskips hidden files by default. Capped at 100 results.",
    "input_schema": {
      "properties": {
        "glob": {
          "type": "string"
        },
        "include_hidden": {
          "type": "boolean"
        }
      },
      "type": "object"
    },
    "name": "list_searchable_files"
  },
  {
    "description": "search_text\n\nGrep file contents by regex under the workspace root.\n\nReturns matching lines as file:line:text. Use this when you need to find where a\nsymbol, string, or pattern appears in the codebase. Prefer this over listing files\nwhen you need content. Paths are contained to the root; hidden files are off unless\nrequested. Capped at 100 matches; lines truncate at 512 chars.",
    "input_schema": {
      "properties": {
        "context_lines": {
          "type": "integer"
        },
        "extensions": {
          "items": {
            "type": "string"
          },
          "type": "array"
        },
        "glob": {
          "type": "string"
        },
        "include_hidden": {
          "type": "boolean"
        },
        "pattern": {
          "description": "Regex pattern to search for.",
          "type": "string"
        }
      },
      "required": [
        "pattern"
      ],
      "type": "object"
    },
    "name": "search_text"
  },
  {
    "description": "read_file_range\n\nRead a 1-indexed line range from a file available to the current process.\n\nUse this to inspect file contents after finding a path with find_files or search_text.\nPrefer targeted ranges over reading entire large files. Relative paths resolve from the\nworkspace; absolute paths and paths outside it are allowed. Output is capped at 65536\nbytes; long lines truncate at 512 chars.",
    "input_schema": {
      "properties": {
        "end_line": {
          "type": "integer"
        },
        "path": {
          "description": "Absolute path or path relative to the workspace root.",
          "type": "string"
        },
        "start_line": {
          "type": "integer"
        }
      },
      "required": [
        "path",
        "start_line"
      ],
      "type": "object"
    },
    "name": "read_file_range"
  },
  {
    "description": "sawk\n\nRun safe read-only sed/awk-style inspection actions.\n\nUse this for line printing, substitution previews, or field extraction when it is clearer\nthan raw shell. Actions are typed: sed_print, sed_substitute_preview, awk_fields.\nPaths are contained; output is capped/truncated; no sed -i or awk system().",
    "input_schema": {
      "properties": {
        "action": {
          "enum": [
            "sed_print",
            "sed_substitute_preview",
            "awk_fields"
          ],
          "type": "string"
        },
        "delimiter": {
          "description": "Optional literal field delimiter; defaults to whitespace.",
          "type": "string"
        },
        "end_line": {
          "type": "integer"
        },
        "fields": {
          "description": "1-indexed fields for awk_fields.",
          "items": {
            "type": "integer"
          },
          "type": "array"
        },
        "global": {
          "description": "Replace all matches per line in previews.",
          "type": "boolean"
        },
        "max_lines": {
          "type": "integer"
        },
        "path": {
          "description": "Path relative to the workspace root.",
          "type": "string"
        },
        "pattern": {
          "description": "Regex pattern for preview/filter actions.",
          "type": "string"
        },
        "replacement": {
          "description": "Replacement text for sed_substitute_preview.",
          "type": "string"
        },
        "start_line": {
          "type": "integer"
        }
      },
      "required": [
        "action",
        "path"
      ],
      "type": "object"
    },
    "name": "sawk"
  },
  {
    "description": "web_search\n\nSearch the web for current information.\n\nUse this when the workspace does not contain the answer and you need external\ndocumentation, API specs, or current facts. Prefer reading local files and\nsearching the workspace first. Results are normalized and their public URLs are\nread with Lectito when possible; private result URLs are rejected. The backend\nis configured as duckduckgo, searxng, or none. Capped at 10 results.",
    "input_schema": {
      "properties": {
        "max_results": {
          "description": "Maximum number of results to return (capped at 10).",
          "type": "integer"
        },
        "query": {
          "description": "The search query.",
          "type": "string"
        }
      },
      "required": [
        "query"
      ],
      "type": "object"
    },
    "name": "web_search"
  },
  {
    "description": "read_url\n\nFetch a public HTTP/HTTPS URL and extract readable text.\n\nUse to read a page found via web_search or referenced in the workspace. Prefer\nlocal files when available. HTML is extracted to Markdown with Lectito; JSON,\nXML, plain text, feeds, and YAML are returned raw. Binary content is rejected.\nPrivate targets, redirects, and non-http(s) schemes are rejected. Size,\nredirects, and timeouts are capped; output may truncate.",
    "input_schema": {
      "properties": {
        "url": {
          "description": "The public HTTP/HTTPS URL to fetch.",
          "type": "string"
        }
      },
      "required": [
        "url"
      ],
      "type": "object"
    },
    "name": "read_url"
  },
  {
    "description": "create_file\n\nCreate a new file with the given content.\n\nUse this for direct new-file writes. Prefer write_patch op=create when doing a\nmixed edit. Fails if the file exists. Relative paths resolve from the workspace;\nabsolute paths and paths outside it are allowed. Parent directories are created\nif needed. Failed writes leave no partial target or temporary file.",
    "input_schema": {
      "properties": {
        "content": {
          "description": "The full file content to write.",
          "type": "string"
        },
        "path": {
          "description": "Absolute path or path relative to the workspace root.",
          "type": "string"
        }
      },
      "required": [
        "path",
        "content"
      ],
      "type": "object"
    },
    "name": "create_file"
  },
  {
    "description": "replace_range\n\nReplace a unique exact string occurrence in an existing file.\n\nUse this for small edits. Prefer write_patch op=edit for mixed edits. old_string\nmust match exactly once; include context for uniqueness. Relative paths resolve\nfrom the workspace; absolute paths and paths outside it are allowed. Failed edits\nleave files unchanged. The replacement is synchronized in a same-directory\ntemporary file before installation.",
    "input_schema": {
      "properties": {
        "expected_before_hash": {
          "description": "Optional current-content hash guard.",
          "type": "integer"
        },
        "new_string": {
          "description": "The replacement string.",
          "type": "string"
        },
        "old_string": {
          "description": "The exact string to find. Must appear exactly once.",
          "type": "string"
        },
        "path": {
          "description": "Absolute path or path relative to the workspace root.",
          "type": "string"
        }
      },
      "required": [
        "path",
        "old_string",
        "new_string"
      ],
      "type": "object"
    },
    "name": "replace_range"
  },
  {
    "description": "write_patch\n\nApply one or more structured patches to a file.\n\nUse this as the preferred file-write tool. Supply one create/replace operation or\nmultiple edits for the same file. Edits all match the original content. Relative\npaths resolve from the workspace; absolute paths and paths outside it are allowed.\nFailed calls leave the file unchanged.",
    "input_schema": {
      "properties": {
        "patches": {
          "description": "One create/replace patch, or one or more disjoint edits for the same file.",
          "items": {
            "properties": {
              "content": {
                "description": "Full file content, required for create/replace.",
                "type": "string"
              },
              "expected_before_hash": {
                "description": "Optional current-content hash guard.",
                "type": "integer"
              },
              "new_string": {
                "description": "The replacement string.",
                "type": "string"
              },
              "old_string": {
                "description": "The exact unique string to find in the original file.",
                "type": "string"
              },
              "op": {
                "description": "The patch operation. create/replace must be the only patch in a call.",
                "enum": [
                  "create",
                  "replace",
                  "edit"
                ],
                "type": "string"
              },
              "path": {
                "description": "Absolute path or path relative to the workspace root.",
                "type": "string"
              }
            },
            "required": [
              "op",
              "path"
            ],
            "type": "object"
          },
          "minItems": 1,
          "type": "array"
        }
      },
      "required": [
        "patches"
      ],
      "type": "object"
    },
    "name": "write_patch"
  },
  {
    "description": "run_shell\n\nRun an argv command in the workspace and capture stdout, stderr, and exit status.\n\nPrefer narrower tools when they fit. Use for build, test, format, and inspection.\n\nRuns as thndrs with its permissions, not in a sandbox. Output is capped,\ntruncated, and redacted; timeouts are enforced. With background=true, the\ninteractive app owns the child, returns its registry id immediately, and\nsupports :bg listing and cancellation.",
    "input_schema": {
      "properties": {
        "argv": {
          "description": "Full argv: program followed by its arguments.",
          "items": {
            "type": "string"
          },
          "minItems": 1,
          "type": "array"
        },
        "background": {
          "description": "If true, run as a long-lived background process.",
          "type": "boolean"
        },
        "cwd": {
          "description": "Optional working directory relative to the workspace root.",
          "type": "string"
        },
        "timeout_ms": {
          "description": "Optional timeout in milliseconds.",
          "minimum": 1,
          "type": "integer"
        }
      },
      "required": [
        "argv"
      ],
      "type": "object"
    },
    "name": "run_shell"
  }
]
