---
source: src/cli/renderer/live.rs
assertion_line: 1055
expression: combined
---
width=80:
│    ›  🇺🇸🇬🇧                                                                        # [bg=#212337]=   [bg=#212337]=  [fg=#e0e0e0 bg=#212337]=› [bg=#212337]=   [fg=#ebfafa bg=#212337]=🇺🇸🇬🇧 [bg=#212337]=                                                                     [bg=#212337]=  
width=40:
│    ›  🇺🇸🇬🇧                                # [bg=#212337]=   [bg=#212337]=  [fg=#e0e0e0 bg=#212337]=› [bg=#212337]=   [fg=#ebfafa bg=#212337]=🇺🇸🇬🇧 [bg=#212337]=                             [bg=#212337]=
