---
source: src/ui.rs
expression: terminal.backend().to_string()
---
"┌thndrs──────────────┐┌Transcript────────────────┐"
"│Sessions            ││ No messages yet.         │"
"│ ● scratch          ││ Type your message below. │"
"│                    ││                          │"
"│                    ││                          │"
"│                    ││                          │"
"│                    ││                          │"
"│                    ││                          │"
"│                    ││                          │"
"│                    ││                          │"
"│                    ││                          │"
"│                    ││                          │"
"│                    ││                          │"
"│                    ││                          │"
"│                    ││                          │"
"│                    ││                          │"
"│                    ││                          │"
"│                    ││                          │"
"│  ·  idle           ││                          │"
"│                    ││                          │"
"└────────────────────┘└──────────────────────────┘"
"──────────────────────────────────────────────────"
"  ▌ ▶                                             "
" model: umans-coder   search: native  cwd: .      "
