---
source: src/ui.rs
expression: terminal.backend().to_string()
---
"┌thndrs──────────────┐┌Transcript──────────────────────────────────────────────┐"
"│Model               ││ ▌ User (owais)     explain this repo                   │"
"│ ● umans-coder      ││                                                        │"
"│   max out 32768    ││Thinking        ⠋ Let me think about this... The repo is│"
"│   search auto      ││                  a Rust + Ratatui harness.             │"
"│   in 0 out 0       ││                                                        │"
"│                    ││                                                        │"
"│                    ││                                                        │"
"│                    ││                                                        │"
"│                    ││                                                        │"
"│                    ││                                                        │"
"│                    ││                                                        │"
"│                    ││                                                        │"
"│                    ││                                                        │"
"│                    ││                                                        │"
"│                    ││                                                        │"
"│                    ││                                                        │"
"│  ⠋  thinking       ││                                                        │"
"│                    ││                                                        │"
"└────────────────────┘└────────────────────────────────────────────────────────┘"
"────────────────────────────────────────────────────────────────────────────────"
"  ⠋  █                                                                          "
"  streaming… esc to cancel  target: follow-up  steering: 0  follow-up: 0  Ctrl+T"
" model: umans-coder   search: auto  cwd: .                                      "
