---
source: src/ui.rs
expression: terminal.backend().to_string()
---
"┌Transcript────────────────────────────────────────────────────────────────────┐"
"│tool            ✓ run_shell#0 [ok]  program: echo                             │"
"│   │ hello                                                                    │"
"│                                                                              │"
"│                                                                              │"
"│                                                                              │"
"│                                                                              │"
"│                                                                              │"
"│                                                                              │"
"│                                                                              │"
"│                                                                              │"
"│                                                                              │"
"│                                                                              │"
"│                                                                              │"
"│                                                                              │"
"│                                                                              │"
"│                                                                              │"
"│                                                                              │"
"│                                                                              │"
"└──────────────────────────────────────────────────────────────────────────────┘"
"────────────────────────────────────────────────────────────────────────────────"
"  ›  █                                                                          "
"                                                                                "
" ✓ done   model: umans-coder   search: auto   tok: 0/0   max: 32768  cwd: .     "
