---
source: src/ui.rs
expression: terminal.backend().to_string()
---
"┌thndrs──────────────┐┌Transcript──────────────────────────────────────────────┐"
"│Sessions   ┌ Help ────────────────────────────────────────────────┐           │"
"│ ● scratch │  Key          Action                                 │           │"
"│           │                                                      │           │"
"│           │  Enter        submit prompt / execute command        │           │"
"│           │  Esc          cancel stream / close overlay          │           │"
"│           │  Ctrl+T       toggle running input target            │           │"
"│           │  Up/Down k/j  scroll transcript (empty input)        │.d8888b    │"
"│           │  PgUp/PgDn    scroll by 10 lines                     │88K        │"
"│           │  Ctrl+C       quit immediately                       │"Y8888b.   │"
"│           │  Ctrl+D x2    quit (double-press within 3s)          │     X88   │"
"│           │                                                      │ 88888P'   │"
"│           │  Command      Description                            │           │"
"│           │                                                      │           │"
"│           │  :            enter command mode                     │           │"
"│           │  ?            toggle this help overlay               │           │"
"│           │  /clear       clear the transcript                   │           │"
"│  ·  idle  │  /quit  /exit quit the app                           │           │"
"│           │  :help        show this help overlay                 │           │"
"└───────────│  :bg          list background processes              │───────────┘"
"────────────│                                                      │────────────"
"  ›  █      │  Press ? or Esc to close.                            │            "
"            └──────────────────────────────────────────────────────┘            "
" model: umans-coder   search: auto  cwd: .                                      "
