---
source: src/ui.rs
expression: terminal.backend().to_string()
---
"┌thndrs──────────────┐┌Transcript──────────────────────────────────────────────┐"
"│Sessions            ││User (owais)               explain this repo            │"
"│ ● scratch          ││ thought  │ Let me read the Cargo.toml first.           │"
"│                    ││ tool  ⠋ read_file#0 [running]  path: Cargo.toml        │"
"│                    ││      │ Cargo.toml: 47 lines                            │"
"│                    ││                                                        │"
"│                    ││                                                        │"
"│                    ││                                                        │"
"│                    ││                                                        │"
"│                    ││                                                        │"
"│                    ││                                                        │"
"│                    ││                                                        │"
"│                    ││                                                        │"
"│                    ││                                                        │"
"│                    ││                                                        │"
"│                    ││                                                        │"
"│                    ││                                                        │"
"│                    ││                                                        │"
"│  ⠋  running tool   ││                                                        │"
"│                    ││                                                        │"
"└────────────────────┘└────────────────────────────────────────────────────────┘"
"────────────────────────────────────────────────────────────────────────────────"
"  ⠋   running tool… esc to cancel                                               "
" model: umans-coder   search: native  cwd: .                                    "
