---
source: src/ui.rs
expression: terminal.backend().to_string()
---
"┌thndrs──────────────┐┌Transcript──────────────────────────────────────────────┐"
"│Model               ││ ▌ User (owais)     run cargo test                      │"
"│ ● umans-coder      ││                                                        │"
"│   max out 32768    ││tool            ✓ run_shell#0 [ok]  program: cargo      │"
"│   search auto      ││   │ $ cargo test [one-shot ok 120ms]                   │"
"│   in 0 out 0       ││   │ ── stdout ──                                       │"
"│                    ││   │ running 3 tests                                    │"
"│                    ││   │ test result: ok. 3 passed; 0 failed                │"
"│                    ││                                                        │"
"│                    ││                                                        │"
"│                    ││                                                        │"
"│                    ││                                                        │"
"│                    ││                                                        │"
"│                    ││                                                        │"
"│                    ││                                                        │"
"│                    ││                                                        │"
"│                    ││                                                        │"
"│  ✓  done           ││                                                        │"
"│                    ││                                                        │"
"└────────────────────┘└────────────────────────────────────────────────────────┘"
"────────────────────────────────────────────────────────────────────────────────"
"  ›  █                                                                          "
"                                                                                "
" model: umans-coder   search: auto  cwd: .                                      "
