---
source: src/ui.rs
expression: terminal.backend().to_string()
---
"                                                                                "
"  tool                                                                          "
"  ✓ find_files#0 [ok]  pattern: main                                            "
"     │ src/main.rs                                                              "
"     │ src/lib.rs                                                               "
"                                                                                "
"                                                                                "
"  session-20260701-120000  ✓ done                                               "
"  ›  ▏                                                                          "
"                                                                                "
"                                                                                "
"  model: umans-coder   search: auto   tok: ↑0 ↓0   cwd: /repo                   "
"                                                                                "
"                                                                                "
"                                                                                "
"                                                                                "
"                                                                                "
"                                                                                "
"                                                                                "
"                                                                                "
"                                                                                "
"                                                                                "
"                                                                                "
"                                                                                "
