---
source: src/ui.rs
expression: terminal.backend().to_string()
---
"┌thndrs──────────────┐┌Transcript──────────────────────────────────────────────┐"
"│Model               ││ ▌ User (owais)     explain this repo                   │"
"│ ● umans-coder      ││                                                        │"
"│   max out 32768    ││Thought         ✓ Let me think about this... The repo is│"
"│   search auto      ││                  a Rust + Ratatui harness.             │"
"│   in 0 out 0       ││                                                        │"
"│                    ││tool            ✓ read_file#0 [ok]  path: Cargo.toml    │"
"│                    ││   │ Cargo.toml: 47 lines                               │"
"│                    ││                                                        │"
"│                    ││Assistant       This is a fake streaming response.      │"
"│                    ││                                                        │"
"│                    ││                                                        │"
"│                    ││                                                        │"
"│                    ││                                                        │"
"│                    ││                                                        │"
"│                    ││                                                        │"
"│                    ││                                                        │"
"│  ✓  done           ││                                                        │"
"│                    ││                                                        │"
"└────────────────────┘└────────────────────────────────────────────────────────┘"
"────────────────────────────────────────────────────────────────────────────────"
"  ›  █                                                                          "
"                                                                                "
" model: umans-coder   search: auto  cwd: .                                      "
