---
source: src/ui.rs
expression: terminal.backend().to_string()
---
"┌session-20260701-120000───────────────────────────────────────────────────────┐"
"│ ▌ User (owais)     create a new file src/new_module.rs                       │"
"│                                                                              │"
"│tool            ✓ create_file#0 [ok]  path: src/new_module.rs                 │"
"│   │ create src/new_module.rs (new file → 19 bytes)                           │"
"│                                                                              │"
"│                                                                              │"
"│                                                                              │"
"│                                                                              │"
"│                                                                              │"
"│                                                                              │"
"│                                                                              │"
"│                                                                              │"
"│                                                                              │"
"│                                                                              │"
"│                                                                              │"
"│                                                                              │"
"│                                                                              │"
"│                                                                              │"
"└──────────────────────────────────────────────────────────────────────────────┘"
"────────────────────────────────────────────────────────────────────────────────"
"  ›  █                                                                          "
"                                                                                "
" ✓ done   model: umans-coder   search: auto   tok: 0/0   max: 32768  cwd: .     "
