---
source: src/ui.rs
expression: terminal.backend().to_string()
---
"┌thndrs──────────────┐┌Transcript──────────────────────────────────────────────┐"
"│Model               ││ ▌ User (owais)     read main.rs                        │"
"│ ● umans-coder      ││                                                        │"
"│   max out 32768    ││tool            ✓ read_file_range#0 [ok]                │"
"│   search auto      ││                path: src/main.rs                       │"
"│   in 0 out 0       ││   │ fn main() {                                        │"
"│                    ││   │     println!("hello");                             │"
"│                    ││   │ }                                                  │"
"│                    ││                                                        │"
"│                    ││                                                        │"
"│                    ││                                                        │"
"│                    ││                                                        │"
"│                    ││                                                        │"
"│                    ││                                                        │"
"│                    ││                                                        │"
"│                    ││                                                        │"
"│                    ││                                                        │"
"│  ✓  done           ││                                                        │"
"│                    ││                                                        │"
"└────────────────────┘└────────────────────────────────────────────────────────┘"
"────────────────────────────────────────────────────────────────────────────────"
"  ›  █                                                                          "
"                                                                                "
" model: umans-coder   search: auto  cwd: .                                      "
