---
source: src/ui.rs
expression: terminal.backend().to_string()
---
"                                                                                "
"  tool                                                                          "
"  ✓ read_file_range#1 [ok]  path: Cargo.toml                                    "
"     │ [package]                                                                "
"     │ name = "thndrs"                                                          "
"     │ version = "0.1.0"                                                        "
"                                                                                "
"                                                                                "
"  session-20260701-120000  ✓ done                                               "
"  ›  ▏                                                                          "
"                                                                                "
"                                                                                "
"  model: umans-coder   search: auto   tok: ↑0 ↓0   cwd: /repo                   "
"                                                                                "
"                                                                                "
"                                                                                "
"                                                                                "
"                                                                                "
"                                                                                "
"                                                                                "
"                                                                                "
"                                                                                "
"                                                                                "
"                                                                                "
