---
source: src/ui.rs
expression: terminal.backend().to_string()
---
"┌thndrs──────────────┐┌Transcript──────────────────────────────────────────────┐"
"│Model               ││ ▌ User (owais)     explain this codebase               │"
"│ ● umans-coder      ││                                                        │"
"│   max out 32768    ││Assistant       This is a Rust project using Ratatui for│"
"│   search auto      ││                the TUI. It includes an agent loop, tool│"
"│   in 0 out 0       ││                dispatch, and session persistence. The  │"
"│                    ││                code is organized into modules for app  │"
"│                    ││                state, UI rendering, tools, providers,  │"
"│                    ││                and context management.                 │"
"│                    ││                                                        │"
"│                    ││                                                        │"
"│                    ││                                                        │"
"│                    ││                                                        │"
"│                    ││                                                        │"
"│                    ││                                                        │"
"│                    ││                                                        │"
"│                    ││                                                        │"
"│  ✓  done           ││                                                        │"
"│                    ││                                                        │"
"└────────────────────┘└────────────────────────────────────────────────────────┘"
"────────────────────────────────────────────────────────────────────────────────"
"  ›  █                                                                          "
"                                                                                "
" model: umans-coder   search: auto  cwd: .                                      "
