---
source: src/ui.rs
expression: terminal.backend().to_string()
---
"┌thndrs──────────────┐┌Transcript──────────────────────────────────────────────┐"
"│Model               ││ ▌ User (owais)     list files in src                   │"
"│ ● umans-coder      ││                                                        │"
"│   max out 32768    ││tool            ✓ find_files#0 [ok]  pattern: *.rs      │"
"│   search auto      ││   │ src/main.rs                                        │"
"│   in 0 out 0       ││   │ src/cli.rs                                         │"
"│                    ││   │ src/app.rs                                         │"
"│                    ││   │ src/ui.rs                                          │"
"│                    ││   │ src/agent.rs                                       │"
"│                    ││   │ src/context.rs                                     │"
"│                    ││   │ …(1 more lines)                                    │"
"│                    ││                                                        │"
"│                    ││                                                        │"
"│                    ││                                                        │"
"│                    ││                                                        │"
"│                    ││                                                        │"
"│                    ││                                                        │"
"│  ✓  done           ││                                                        │"
"│                    ││                                                        │"
"└────────────────────┘└────────────────────────────────────────────────────────┘"
"────────────────────────────────────────────────────────────────────────────────"
"  ›  █                                                                          "
"                                                                                "
" model: umans-coder   search: auto  cwd: .                                      "
