---
source: src/ui.rs
assertion_line: 665
expression: terminal.backend().to_string()
---
"┌thndrs──────────────┐┌Transcript──────────────────────────────────────────────┐"
"│Sessions            ││   ████████╗██╗  ██╗███╗   ██╗██████╗ ██████╗ ███████╗  │"
"│●  scratch          ││   ╚══██╔══╝██║  ██║████╗  ██║██╔══██╗██╔══██╗██╔════╝  │"
"│                    ││      ██║   ███████║██╔██╗ ██║██║  ██║██████╔╝███████╗  │"
"│                    ││      ██║   ██╔══██║██║╚██╗██║██║  ██║██╔══██╗╚════██║  │"
"│                    ││      ██║   ██║  ██║██║ ╚████║██████╔╝██║  ██║███████║  │"
"│                    ││      ╚═╝   ╚═╝  ╚═╝╚═╝  ╚═══╝╚═════╝ ╚═╝  ╚═╝╚══════╝  │"
"│                    ││                                                        │"
"│                    ││                                                        │"
"│                    ││                                                        │"
"│                    ││                                                        │"
"│                    ││                                                        │"
"│                    ││                                                        │"
"│                    ││                                                        │"
"│                    ││                                                        │"
"│                    ││                                                        │"
"│                    ││                                                        │"
"│                    ││                                                        │"
"│·  idle             ││                                                        │"
"│                    ││                                                        │"
"└────────────────────┘└────────────────────────────────────────────────────────┘"
"────────────────────────────────────────────────────────────────────────────────"
">                                                                               "
" model: umans-coder   search: native  cwd: .                                    "
