---
source: src/ui.rs
expression: terminal.backend().to_string()
---
"┌session-20260701-120000───────────────────────────────────────────────────────┐"
"│ ▌ User (owais)     read /etc/passwd                                          │"
"│                                                                              │"
"│tool            ✕ read_file_range#0 [failed]  path: /etc/passwd               │"
"│⚠ Error         path escapes workspace root: /etc/passwd                      │"
"│                                                                              │"
"│                                                                              │"
"│                                                                              │"
"│                                                                              │"
"│                                                                              │"
"│                                                                              │"
"│                                                                              │"
"│                                                                              │"
"│                                                                              │"
"│                                                                              │"
"│                                                                              │"
"│                                                                              │"
"│                                                                              │"
"│                                                                              │"
"└──────────────────────────────────────────────────────────────────────────────┘"
"────────────────────────────────────────────────────────────────────────────────"
"  ✕  █                                                                          "
"  Error                                                                         "
" ✕ failed   model: umans-coder   search: auto   tok: ↑0 ↓0  cwd: /repo          "
