---
source: src/ui.rs
expression: terminal.backend().to_string()
---
"                                                                                "
"  User (owais)                                                                  "
"  search for something                                                          "
"                                                                                "
"                                                                                "
"                                                                                "
"  tool                                                                          "
"  ✕ web_search#search-0 [failed]  query: something                              "
"                                                                                "
"                                                                                "
"  ⚠ Error                                                                       "
"  search backend unavailable                                                    "
"                                                                                "
"                                                                                "
"  session-20260701-120000  ✕ failed                                             "
"  ✕  ▏                                                                          "
"                                                                                "
"                                                                                "
"  model: umans-coder   search: auto   tok: ↑0 ↓0   cwd: /repo                   "
"                                                                                "
"                                                                                "
"                                                                                "
"                                                                                "
"                                                                                "
