---
source: src/ui.rs
expression: terminal.backend().to_string()
---
"┌thndrs──────────────┐┌Transcript──────────────────────────────────────────────┐"
"│Model               ││tool            ✕ run_shell#0 [failed]  program: cargo  │"
"│ ● umans-coder      ││   │ $ cargo build [one-shot failed 340ms]              │"
"│   max out 32768    ││   │ ── stderr ──                                       │"
"│   search auto      ││   │ error[E0308]: mismatched types                     │"
"│   in 0 out 0       ││   │   --> src/main.rs:10:5                             │"
"│                    ││   │    |                                               │"
"│                    ││   │ 10 |     let x: i32 = "hello";                     │"
"│                    ││   │ …(3 more lines)                                    │"
"│                    ││                                                        │"
"│                    ││                                                        │"
"│                    ││                                                        │"
"│                    ││                                                        │"
"│                    ││                                                        │"
"│                    ││                                                        │"
"│                    ││                                                        │"
"│                    ││                                                        │"
"│  ✕  failed         ││                                                        │"
"│                    ││                                                        │"
"└────────────────────┘└────────────────────────────────────────────────────────┘"
"────────────────────────────────────────────────────────────────────────────────"
"  ›  █                                                                          "
"                                                                                "
" model: umans-coder   search: auto  cwd: .                                      "
