---
source: src/ui.rs
expression: terminal.backend().to_string()
---
"┌thndrs──────────────┐┌Transcript──────────────────────────────────────────────┐"
"│Sessions            ││ ▌ User (owais)     read main.rs                        │"
"│ ● scratch          ││                                                        │"
"│                    ││tool            ✓ read_file_range#0 [ok]  path: src/main│"
"│                    ││   │ fn main() {                                        │"
"│                    ││   │     println!("hello");                             │"
"│                    ││   │ }                                                  │"
"│                    ││                                                        │"
"│                    ││                                                        │"
"│                    ││                                                        │"
"│                    ││                                                        │"
"│                    ││                                                        │"
"│                    ││                                                        │"
"│                    ││                                                        │"
"│                    ││                                                        │"
"│                    ││                                                        │"
"│                    ││                                                        │"
"│  ✓  done           ││                                                        │"
"│                    ││                                                        │"
"└────────────────────┘└────────────────────────────────────────────────────────┘"
"────────────────────────────────────────────────────────────────────────────────"
"  ›  █                                                                          "
"                                                                                "
" model: umans-coder   search: auto  cwd: .                                      "
