---
source: src/ui.rs
expression: terminal.backend().to_string()
---
"┌session-20260701-120000───────────────────────────────────────────────────────┐"
"│ ▌ User (owais)     run cargo test                                            │"
"│                                                                              │"
"│tool            ✓ run_shell#0 [ok]  program: cargo                            │"
"│   │ $ cargo test [one-shot ok 120ms]                                         │"
"│   │ ── stdout ──                                                             │"
"│   │ running 3 tests                                                          │"
"│   │ test result: ok. 3 passed; 0 failed                                      │"
"│                                                                              │"
"│                                                                              │"
"│                                                                              │"
"│                                                                              │"
"│                                                                              │"
"│                                                                              │"
"│                                                                              │"
"│                                                                              │"
"│                                                                              │"
"│                                                                              │"
"│                                                                              │"
"└──────────────────────────────────────────────────────────────────────────────┘"
"────────────────────────────────────────────────────────────────────────────────"
"  ›  ▏                                                                          "
"                                                                                "
" ✓ done   model: umans-coder   search: auto   tok: ↑0 ↓0  cwd: /repo            "
