---
source: src/ui.rs
expression: terminal.backend().to_string()
---
"┌thndrs──────────────┐┌Transcript──────────────────────────────────────────────┐"
"│Sessions            ││ ▌ User (owais)     read /etc/passwd                    │"
"│ ● scratch          ││                                                        │"
"│                    ││tool            ✕ read_file_range#0 [failed]  path: /etc│"
"│                    ││⚠ Error         path escapes workspace root: /etc/passwd│"
"│                    ││                                                        │"
"│                    ││                                                        │"
"│                    ││                                                        │"
"│                    ││                                                        │"
"│                    ││                                                        │"
"│                    ││                                                        │"
"│                    ││                                                        │"
"│                    ││                                                        │"
"│                    ││                                                        │"
"│                    ││                                                        │"
"│                    ││                                                        │"
"│                    ││                                                        │"
"│  ✕  failed         ││                                                        │"
"│                    ││                                                        │"
"└────────────────────┘└────────────────────────────────────────────────────────┘"
"────────────────────────────────────────────────────────────────────────────────"
"  ✕  █                                                                          "
"  Error                                                                         "
" model: umans-coder   search: auto  cwd: .                                      "
