---
source: src/ui.rs
expression: terminal.backend().to_string()
---
"                                                                                "
"  User (owais)                                                                  "
"  explain this repo                                                             "
"                                                                                "
"                                                                                "
"                                                                                "
"  Assistant                                                                     "
"  partial                                                                       "
"                                                                                "
"                                                                                "
"  Cancelled                                                                     "
"  cancelled                                                                     "
"                                                                                "
"                                                                                "
"  session-20260701-120000  ○ cancelled                                          "
"  ○  ▏                                                                          "
"                                                                                "
"                                                                                "
"  model: umans-coder   search: auto   tok: ↑0 ↓0   cwd: /repo                   "
"                                                                                "
"                                                                                "
"                                                                                "
"                                                                                "
"                                                                                "
