---
source: src/ui.rs
expression: terminal.backend().to_string()
---
"┌thndrs──────────────┐┌Transcript──────────────────────────────────────────────┐"
"│Model               ││ ▌ User (owais)     explain this repo                   │"
"│ ● umans-coder      ││⚠ Error         authentication failed (HTTP 401)        │"
"│   max out 32768    ││                                                        │"
"│   search auto      ││                                                        │"
"│   in 0 out 0       ││                                                        │"
"│                    ││                                                        │"
"│                    ││                                                        │"
"│                    ││                                                        │"
"│                    ││                                                        │"
"│                    ││                                                        │"
"│                    ││                                                        │"
"│                    ││                                                        │"
"│                    ││                                                        │"
"│                    ││                                                        │"
"│                    ││                                                        │"
"│                    ││                                                        │"
"│  ✕  failed         ││                                                        │"
"│                    ││                                                        │"
"└────────────────────┘└────────────────────────────────────────────────────────┘"
"────────────────────────────────────────────────────────────────────────────────"
"  ✕  █                                                                          "
"  Error                                                                         "
" model: umans-coder   search: auto  cwd: .                                      "
