---
source: src/ui.rs
expression: terminal.backend().to_string()
---
"┌thndrs──────────────┐┌Transcript──────────────────────────────────────────────┐"
"│Sessions            ││   ████████╗██╗  ██╗███╗   ██╗██████╗ ██████╗ ███████╗  │"
"│ ● third session    ││   ╚══██╔══╝██║  ██║████╗  ██║██╔══██╗██╔══██╗██╔════╝  │"
"│ ○ second session   ││      ██║   ███████║██╔██╗ ██║██║  ██║██████╔╝███████╗  │"
"│ ○ first session    ││      ██║   ██╔══██║██║╚██╗██║██║  ██║██╔══██╗╚════██║  │"
"│                    ││      ██║   ██║  ██║██║ ╚████║██████╔╝██║  ██║███████║  │"
"│                    ││      ╚═╝   ╚═╝  ╚═╝╚═╝  ╚═══╝╚═════╝ ╚═╝  ╚═╝╚══════╝  │"
"│                    ││                                                        │"
"│                    ││                                                        │"
"│                    ││                                                        │"
"│                    ││                                                        │"
"│                    ││                                                        │"
"│                    ││                                                        │"
"│                    ││                                                        │"
"│                    ││                                                        │"
"│                    ││                                                        │"
"│                    ││                                                        │"
"│                    ││                                                        │"
"│  ·  idle           ││                                                        │"
"│                    ││                                                        │"
"└────────────────────┘└────────────────────────────────────────────────────────┘"
"────────────────────────────────────────────────────────────────────────────────"
"  ▌ ▶                                                                           "
" model: umans-coder   search: native  cwd: .                                    "
