---
source: src/ui.rs
expression: terminal.backend().to_string()
---
"┌thndrs──────────────┐┌Transcript──────────────────────────────────────────────┐"
"│Sessions            ││ ▌ User (owais)     explain this repo                   │"
"│ ● scratch          ││                                                        │"
"│                    ││Assistant       partial                                 │"
"│                    ││Status          cancelled                               │"
"│                    ││                                                        │"
"│                    ││                                                        │"
"│                    ││                                                        │"
"│                    ││                                                        │"
"│                    ││                                                        │"
"│                    ││                                                        │"
"│                    ││                                                        │"
"│                    ││                                                        │"
"│                    ││                                                        │"
"│                    ││                                                        │"
"│                    ││                                                        │"
"│                    ││                                                        │"
"│  ○  cancelled      ││                                                        │"
"│                    ││                                                        │"
"└────────────────────┘└────────────────────────────────────────────────────────┘"
"────────────────────────────────────────────────────────────────────────────────"
"  ○  █                                                                          "
"  Stopped                                                                       "
" model: umans-coder   search: native  cwd: .                                    "
