---
source: src/ui.rs
expression: terminal.backend().to_string()
---
"┌Transcript────────────────────────────────────────────────────────────────────┐"
"│tool            ✓ replace_range#0 [ok]  path: src/main.rs                     │"
"│   │ --- old                                                                  │"
"│   │ +++ new                                                                  │"
"│   │ -fn main() {                                                             │"
"│   │ +fn main() -> Result<(), Box<dyn Error>> {                               │"
"│   │      println!("hello");                                                  │"
"│   │ +    Ok(())                                                              │"
"│   │ …(1 more lines)                                                          │"
"│                                                                              │"
"│                                                                              │"
"│                                                                              │"
"│                                                                              │"
"│                                                                              │"
"│                                                                              │"
"│                                                                              │"
"│                                                                              │"
"│                                                                              │"
"│                                                                              │"
"└──────────────────────────────────────────────────────────────────────────────┘"
"────────────────────────────────────────────────────────────────────────────────"
"  ›  █                                                                          "
"                                                                                "
" ✓ done   model: umans-coder   search: auto   tok: 0/0   max: 32768  cwd: .     "
