---
source: src/ui.rs
expression: terminal.backend().to_string()
---
"┌thndrs──────────────┐┌Transcript──────────────────────────────────────────────┐"
"│Model               ││tool            ✓ read_file_range#0 [ok]                │"
"│ ● umans-coder      ││                path: config.json                       │"
"│   max out 32768    ││   │ {                                                  │"
"│   search auto      ││   │   "name": "thndrs",                                │"
"│   in 0 out 0       ││   │   "version": "0.1.0",                              │"
"│                    ││   │   "dependencies": {                                │"
"│                    ││   │     "clap": "4.6",                                 │"
"│                    ││   │     "ratatui": "0.30"                              │"
"│                    ││   │ …(2 more lines)                                    │"
"│                    ││                                                        │"
"│                    ││                                                        │"
"│                    ││                                                        │"
"│                    ││                                                        │"
"│                    ││                                                        │"
"│                    ││                                                        │"
"│                    ││                                                        │"
"│  ✓  done           ││                                                        │"
"│                    ││                                                        │"
"└────────────────────┘└────────────────────────────────────────────────────────┘"
"────────────────────────────────────────────────────────────────────────────────"
"  ›  █                                                                          "
"                                                                                "
" model: umans-coder   search: auto  cwd: .                                      "
