---
source: src/ui.rs
expression: terminal.backend().to_string()
---
"┌thndrs──────────────┐┌Transcript──────────────────────────────────────────────┐"
"│Sessions            ││user     explain this repo                              │"
"│> scratch           ││assistant response                                      │"
"│                    ││                                                        │"
"│                    ││                                                        │"
"│                    ││                                                        │"
"│                    ││                                                        │"
"│                    ││                                                        │"
"│                    ││                                                        │"
"│                    ││                                                        │"
"│                    ││                                                        │"
"│                    ││                                                        │"
"│                    ││                                                        │"
"│                    ││                                                        │"
"│                    ││                                                        │"
"│                    ││                                                        │"
"│                    ││                                                        │"
"│                    ││                                                        │"
"│Status: idle        ││                                                        │"
"│                    ││                                                        │"
"└────────────────────┘└────────────────────────────────────────────────────────┘"
"────────────────────────────────────────────────────────────────────────────────"
"> hello                                                                         "
"model: umans-coder cwd: .                                                       "
