---
source: src/ui.rs
expression: terminal.backend().to_string()
---
"┌thndrs──────────────┐┌Transcript──────────────────────────────────────────────┐"
"│Sessions            ││                                                        │"
"│ ● umans-coder      ││                                                        │"
"│   in 0 out 0       ││                                                        │"
"│ ○ umans-coder      ││   888    888                    888                    │"
"│   in 0 out 0       ││   888    888                    888                    │"
"│ ○ umans-coder      ││   888    888                    888                    │"
"│   in 0 out 0       ││   888888 88888b.  88888b.   .d88888 888d888 .d8888b    │"
"│ ○ umans-coder      ││   888    888 "88b 888 "88b d88" 888 888P"   88K        │"
"│   in 0 out 0       ││   888    888  888 888  888 888  888 888     "Y8888b.   │"
"│                    ││   Y88b.  888  888 888  888 Y88b 888 888          X88   │"
"│                    ││   "Y888  888  888 888  888  "Y88888 888      88888P'   │"
"│                    ││                                                        │"
"│                    ││                                                        │"
"│                    ││                                                        │"
"│                    ││                                                        │"
"│                    ││                                                        │"
"│  ·  idle           ││                                                        │"
"│                    ││                                                        │"
"└────────────────────┘└────────────────────────────────────────────────────────┘"
"────────────────────────────────────────────────────────────────────────────────"
"  ›  █                                                                          "
"                                                                                "
" model: umans-coder   search: auto  cwd: .                                      "
