---
source: src/ui.rs
assertion_line: 561
expression: terminal.backend().to_string()
---
"┌Transcript────────────────────────────┐"
"│ user  explain this repo              │"
"│ assistant  response                  │"
"│                                      │"
"│                                      │"
"│                                      │"
"│                                      │"
"│                                      │"
"│                                      │"
"│                                      │"
"│                                      │"
"│                                      │"
"│                                      │"
"│                                      │"
"│                                      │"
"│                                      │"
"│                                      │"
"│                                      │"
"│                                      │"
"│                                      │"
"└──────────────────────────────────────┘"
"────────────────────────────────────────"
"> hello                                 "
" model: umans-coder   search: native  cw"
