---
source: src/ui.rs
expression: terminal.backend().to_string()
---
"┌session-20260701-120000───────────────────────────────────────────────────────┐"
"│ ▌ User (owais)     run a long build                                          │"
"│                                                                              │"
"│tool            ✕ run_shell#0 [failed]  program: cargo                        │"
"│   │ $ cargo build [one-shot timeout 10000ms]                                 │"
"│   │ ── stderr ──                                                             │"
"│   │ Compiling thndrs v0.1.0                                                  │"
"│                                                                              │"
"│                                                                              │"
"│                                                                              │"
"│                                                                              │"
"│                                                                              │"
"│                                                                              │"
"│                                                                              │"
"│                                                                              │"
"│                                                                              │"
"│                                                                              │"
"│                                                                              │"
"│                                                                              │"
"└──────────────────────────────────────────────────────────────────────────────┘"
"────────────────────────────────────────────────────────────────────────────────"
"  ›  ▏                                                                          "
"                                                                                "
" ✕ failed   model: umans-coder   search: auto   tok: ↑0 ↓0  cwd: /repo          "
