---
source: src/ui.rs
expression: terminal.backend().to_string()
---
"┌session-20260701-120000───────────────────────────────────────────────────────┐"
"│tool            ✓ find_files#0 [ok]  pattern: main                            │"
"│   │ src/main.rs                                                              │"
"│   │ src/lib.rs                                                               │"
"│                                                                              │"
"│                                                                              │"
"│                                                                              │"
"│                                                                              │"
"│                                                                              │"
"│                                                                              │"
"│                                                                              │"
"│                                                                              │"
"│                                                                              │"
"│                                                                              │"
"│                                                                              │"
"│                                                                              │"
"│                                                                              │"
"│                                                                              │"
"│                                                                              │"
"└──────────────────────────────────────────────────────────────────────────────┘"
"────────────────────────────────────────────────────────────────────────────────"
"  ›  ▏                                                                          "
"                                                                                "
" ✓ done   model: umans-coder   search: auto   tok: ↑0 ↓0  cwd: /repo            "
