---
source: src/ui.rs
expression: terminal.backend().to_string()
---
"  888    888  888 888  888 888  888 888     "Y8888b.                            "
"  Y88b.  888  888 888  888 Y88b 888 888          X88                            "
"  "Y888  888  888 888  888  "Y88888 888      88888P'                            "
"  ────────────────────────────────────────────────────────────────────────────  "
"  thndrs  coding agent                                                          "
"  ────────────────────────────────────────────────────────────────────────────  "
"  ›  Ask for a change, run a command, or inspect this repo.                     "
"  ?  help   Ctrl+P files                                                        "
"                                                                                "
"                                                                                "
"  session-20260701-120000  · idle                                               "
"  Enter       submit / accept highlighted item                                  "
"  Shift+Enter insert newline                                                    "
"  Esc         close help, files, or commands                                    "
"  Ctrl+P      pick a file                                                       "
"  @path       mention a file from fuzzy search                                  "
"  Up/Down     select item or recall history                                     "
"  Ctrl+A/E    move to start/end                                                 "
"  Ctrl+B/F    move left/right                                                   "
"  ›  ▏                                                                          "
"                                                                                "
"                                                                                "
"  model: umans-coder   search: auto   tok: ↑0 ↓0   cwd: /repo                   "
"                                                                                "
