---
source: src/ui.rs
expression: terminal.backend().to_string()
---
"┌thndrs──────────────┐┌Transcript──────────────────────────────────────────────┐"
"│Sessions            ││ ▌ User (owais)     search for something                │"
"│ ● umans-coder      ││                                                        │"
"│   in 0 out 0       ││tool            ✕ web_search#search-0 [failed]          │"
"│                    ││                query: something                        │"
"│                    ││⚠ Error         search backend unavailable              │"
"│                    ││                                                        │"
"│                    ││                                                        │"
"│                    ││                                                        │"
"│                    ││                                                        │"
"│                    ││                                                        │"
"│                    ││                                                        │"
"│                    ││                                                        │"
"│                    ││                                                        │"
"│                    ││                                                        │"
"│                    ││                                                        │"
"│                    ││                                                        │"
"│  ✕  failed         ││                                                        │"
"│                    ││                                                        │"
"└────────────────────┘└────────────────────────────────────────────────────────┘"
"────────────────────────────────────────────────────────────────────────────────"
"  ✕  █                                                                          "
"  Error                                                                         "
" model: umans-coder   search: auto  cwd: .                                      "
