---
source: src/ui.rs
expression: terminal.backend().to_string()
---
"┌thndrs──────────────┐┌Transcript──────────────────────────────────────────────┐"
"│Sessions            ││ ▌ User (owais)     search for rust async patterns      │"
"│ ● umans-coder      ││                                                        │"
"│   in 0 out 0       ││tool            ⠋ web_search#search-0 [running]         │"
"│                    ││                query: rust async patterns              │"
"│                    ││                                                        │"
"│                    ││                                                        │"
"│                    ││                                                        │"
"│                    ││                                                        │"
"│                    ││                                                        │"
"│                    ││                                                        │"
"│                    ││                                                        │"
"│                    ││                                                        │"
"│                    ││                                                        │"
"│                    ││                                                        │"
"│                    ││                                                        │"
"│                    ││                                                        │"
"│  ⠋  running tool   ││                                                        │"
"│                    ││                                                        │"
"└────────────────────┘└────────────────────────────────────────────────────────┘"
"────────────────────────────────────────────────────────────────────────────────"
"  ⠋  █                                                                          "
"  running tool… esc to cancel  target: follow-up  steering: 0  follow-up: 0  Ctr"
" model: umans-coder   search: auto  cwd: .                                      "
