---
source: src/ui.rs
expression: terminal.backend().to_string()
---
"┌thndrs──────────────┐┌Transcript──────────────────────────────────────────────┐"
"│Sessions            ││User (owais)               explain this repo            │"
"│ ● scratch          ││thought                    Let me think about this... T…│"
"│                    ││tool                       ✓ read_file#0 [ok]  path: Car│"
"│                    ││                           │ Cargo.toml: 47 lines       │"
"│                    ││Assistant                  This is a fake streaming res…│"
"│                    ││                                                        │"
"│                    ││                                                        │"
"│                    ││                                                        │"
"│                    ││                                                        │"
"│                    ││                                                        │"
"│                    ││                                                        │"
"│                    ││                                                        │"
"│                    ││                                                        │"
"│                    ││                                                        │"
"│                    ││                                                        │"
"│                    ││                                                        │"
"│                    ││                                                        │"
"│  ✓  done           ││                                                        │"
"│                    ││                                                        │"
"└────────────────────┘└────────────────────────────────────────────────────────┘"
"────────────────────────────────────────────────────────────────────────────────"
"  ▌ ▶                                                                           "
" model: umans-coder   search: native  cwd: .                                    "
