---
source: src/ui.rs
expression: terminal.backend().to_string()
---
"┌Transcript────────────────────────────┐"
"│▌  User (owais)  explain th…          │"
"│                                      │"
"│Assistant                  response   │"
"│                                      │"
"│                                      │"
"│                                      │"
"│                                      │"
"│                                      │"
"│                                      │"
"│                                      │"
"│                                      │"
"│                                      │"
"│                                      │"
"│                                      │"
"│                                      │"
"│                                      │"
"│                                      │"
"│                                      │"
"└──────────────────────────────────────┘"
"────────────────────────────────────────"
"  ▌ ▶  hello                            "
"                    umans-coder  native "
" model: umans-coder                     "
