---
source: src/ui.rs
expression: terminal.backend().to_string()
---
"┌session-20260701-120000───────────────────────────────────────────────────────┐"
"│ ▌ User (owais)     run cargo test                                            │"
"│                                                                              │"
"│tool            ⠋ run_shell#0 [running]  program: cargo                       │"
"│                                                                              │"
"│                                                                              │"
"│                                                                              │"
"│                                                                              │"
"│                                                                              │"
"│                                                                              │"
"│                                                                              │"
"│                                                                              │"
"│                                                                              │"
"│                                                                              │"
"│                                                                              │"
"│                                                                              │"
"│                                                                              │"
"│                                                                              │"
"│                                                                              │"
"└──────────────────────────────────────────────────────────────────────────────┘"
"────────────────────────────────────────────────────────────────────────────────"
"  ⠋  █                                                                          "
"  target: follow-up  queued: 0/0  Ctrl+T toggles                                "
" ⠋ running tool   model: umans-coder   search: auto   tok: ↑0 ↓0  cwd: /repo    "
