---
source: src/ui.rs
expression: terminal.backend().to_string()
---
"                                                                                "
"  User (owais)                                                                  "
"  create src/existing.rs                                                        "
"                                                                                "
"                                                                                "
"                                                                                "
"  tool                                                                          "
"  ✕ create_file#0 [failed]  path: src/existing.rs                               "
"                                                                                "
"                                                                                "
"  ⚠ Error                                                                       "
"  file already exists: src/existing.rs                                          "
"                                                                                "
"                                                                                "
"  session-20260701-120000  ✕ failed                                             "
"  ✕  ▏                                                                          "
"                                                                                "
"                                                                                "
"  model: umans-coder   search: auto   tok: ↑0 ↓0   cwd: /repo                   "
"                                                                                "
"                                                                                "
"                                                                                "
"                                                                                "
"                                                                                "
